<html>
<body>
<pre>
<h1>µVision Build Log</h1>
<h2>Tool Versions:</h2>
IDE-Version: ¦ÌVision V5.25.2.0
Copyright (C) 2018 ARM Ltd and ARM Germany GmbH. All rights reserved.
License Information: C C, C, LIC=FYKYW-Q31AI-JJM6S-LR4E6-MR37M-4XX90
 
Tool Versions:
Toolchain:       MDK-ARM Plus  Version: 5.25.2.0
Toolchain Path:  E:\Keil_v5\ARM\ARMCC\Bin
C Compiler:      Armcc.exe V5.06 update 6 (build 750)
Assembler:       Armasm.exe V5.06 update 6 (build 750)
Linker/Locator:  ArmLink.exe V5.06 update 6 (build 750)
Library Manager: ArmAr.exe V5.06 update 6 (build 750)
Hex Converter:   FromElf.exe V5.06 update 6 (build 750)
CPU DLL:         SARMCM3.DLL V5.25.2.0
Dialog DLL:      DARMSTM.DLL V1.68.0.0
Target DLL:      STLink\ST-LINKIII-KEIL_SWO.dll V3.0.1.0
Dialog DLL:      TARMSTM.DLL V1.66.0.0
 
<h2>Project:</h2>
D:\STM32 Project\WatchX-II-master\I2C Slave\MDK-ARM\proj.uvprojx
Project File Date:  12/24/2020

<h2>Output:</h2>
*** Using Compiler 'V5.06 update 6 (build 750)', folder: 'E:\Keil_v5\ARM\ARMCC\Bin'
Build target 'Project'
compiling BSP_I2C_Scan.cpp...
compiling main.cpp...
compiling BSP_IMU.cpp...
compiling BSP_ParticleSensor.cpp...
compiling BSP_ComSlave.cpp...
compiling BSP_TouchPad.cpp...
compiling LIS2DS12_ACC.cpp...
linking...
Program Size: Code=19344 RO-data=2688 RW-data=256 ZI-data=2672  
".\Objects\proj.axf" - 0 Error(s), 0 Warning(s).

<h2>Software Packages used:</h2>

Package Vendor: ARM
                http://www.keil.com/pack/ARM.CMSIS.5.6.0.pack
                ARM.CMSIS.5.6.0
                CMSIS (Cortex Microcontroller Software Interface Standard)
   * Component: CORE Version: 5.3.0

Package Vendor: Keil
                http://www.keil.com/pack/Keil.STM32F1xx_DFP.2.3.0.pack
                Keil.STM32F1xx_DFP.2.3.0
                STMicroelectronics STM32F1 Series Device Support, Drivers and Examples
   * Component: Startup Version: 1.0.0
   * Component: ADC Version: 3.5.0
   * Component: DMA Version: 3.5.0
   * Component: EXTI Version: 3.5.0
   * Component: Flash Version: 3.5.0
   * Component: Framework Version: 3.5.1
   * Component: GPIO Version: 3.5.0
   * Component: RCC Version: 3.5.0
   * Component: SPI Version: 3.5.0
   * Component: TIM Version: 3.5.0
   * Component: USART Version: 3.5.0

<h2>Collection of Component include folders:</h2>
  .\RTE\Device\STM32F103TB
  .\RTE\_Project
  E:\Keil_v5\ARM\PACK\ARM\CMSIS\5.6.0\CMSIS\Core\Include
  E:\Keil_v5\ARM\PACK\Keil\STM32F1xx_DFP\2.3.0\Device\Include
  E:\Keil_v5\ARM\PACK\Keil\STM32F1xx_DFP\2.3.0\Device\StdPeriph_Driver\inc

<h2>Collection of Component Files used:</h2>

   * Component: ARM::CMSIS:CORE:5.3.0

   * Component: Keil::Device:Startup:1.0.0
      Source file:   Device\Source\system_stm32f10x.c
      Include file:  RTE_Driver\Config\RTE_Device.h
      Source file:   Device\Source\ARM\STM32F1xx_OPT.s
      Source file:   Device\Source\ARM\startup_stm32f10x_md.s

   * Component: Keil::Device:StdPeriph Drivers:ADC:3.5.0
      Source file:   Device\StdPeriph_Driver\src\stm32f10x_adc.c
      Include file:  Device\StdPeriph_Driver\inc\stm32f10x_adc.h

   * Component: Keil::Device:StdPeriph Drivers:DMA:3.5.0
      Include file:  Device\StdPeriph_Driver\inc\stm32f10x_dma.h
      Source file:   Device\StdPeriph_Driver\src\stm32f10x_dma.c

   * Component: Keil::Device:StdPeriph Drivers:EXTI:3.5.0
      Include file:  Device\StdPeriph_Driver\inc\stm32f10x_exti.h
      Source file:   Device\StdPeriph_Driver\src\stm32f10x_exti.c

   * Component: Keil::Device:StdPeriph Drivers:Flash:3.5.0
      Include file:  Device\StdPeriph_Driver\inc\stm32f10x_flash.h
      Source file:   Device\StdPeriph_Driver\src\stm32f10x_flash.c

   * Component: Keil::Device:StdPeriph Drivers:Framework:3.5.1
      Include file:  Device\StdPeriph_Driver\inc\misc.h
      Source file:   Device\StdPeriph_Driver\templates\stm32f10x_conf.h
      Source file:   Device\StdPeriph_Driver\templates\stm32f10x_it.c
      Source file:   Device\StdPeriph_Driver\src\misc.c
      Include file:  Device\StdPeriph_Driver\templates\stm32f10x_it.h

   * Component: Keil::Device:StdPeriph Drivers:GPIO:3.5.0
      Include file:  Device\StdPeriph_Driver\inc\stm32f10x_gpio.h
      Source file:   Device\StdPeriph_Driver\src\stm32f10x_gpio.c

   * Component: Keil::Device:StdPeriph Drivers:RCC:3.5.0
      Include file:  Device\StdPeriph_Driver\inc\stm32f10x_rcc.h
      Source file:   Device\StdPeriph_Driver\src\stm32f10x_rcc.c

   * Component: Keil::Device:StdPeriph Drivers:SPI:3.5.0
      Include file:  Device\StdPeriph_Driver\inc\stm32f10x_spi.h
      Source file:   Device\StdPeriph_Driver\src\stm32f10x_spi.c

   * Component: Keil::Device:StdPeriph Drivers:TIM:3.5.0
      Source file:   Device\StdPeriph_Driver\src\stm32f10x_tim.c
      Include file:  Device\StdPeriph_Driver\inc\stm32f10x_tim.h

   * Component: Keil::Device:StdPeriph Drivers:USART:3.5.0
      Include file:  Device\StdPeriph_Driver\inc\stm32f10x_usart.h
      Source file:   Device\StdPeriph_Driver\src\stm32f10x_usart.c
Build Time Elapsed:  00:00:06
</pre>
</body>
</html>
