Component: ARM Compiler 5.06 update 6 (build 750) Tool: armlink [4d35ed]

==============================================================================

Section Cross References

    main.o(i._Z4loopv) refers to delay.o(i.millis) for millis
    main.o(i._Z4loopv) refers to bsp_touchpad.o(i._Z15TouchPad_Updatev) for TouchPad_Update()
    main.o(i._Z4loopv) refers to bsp_imu.o(i._Z10IMU_Updatev) for IMU_Update()
    main.o(i._Z4loopv) refers to bsp_particlesensor.o(i._Z21ParticleSensor_Updatev) for ParticleSensor_Update()
    main.o(i._Z4loopv) refers to bsp_comslave.o(i._Z15ComSlave_Updatev) for ComSlave_Update()
    main.o(i._Z4loopv) refers to main.o(.data) for .data
    main.o(i._Z4loopv) refers to gpio.o(.constdata) for PIN_MAP
    main.o(i._Z5setupv) refers to hardwareserial.o(i._ZN14HardwareSerial5beginEj) for HardwareSerial::begin(unsigned)
    main.o(i._Z5setupv) refers to arduino.o(i.pinMode) for pinMode
    main.o(i._Z5setupv) refers to bsp_comslave.o(i._Z13ComSlave_Initv) for ComSlave_Init()
    main.o(i._Z5setupv) refers to wire.o(i._ZN7TwoWire5beginEh) for TwoWire::begin(unsigned char)
    main.o(i._Z5setupv) refers to bsp_i2c_scan.o(i._Z8I2C_Scanb) for I2C_Scan(bool)
    main.o(i._Z5setupv) refers to bsp_touchpad.o(i._Z13TouchPad_Initv) for TouchPad_Init()
    main.o(i._Z5setupv) refers to bsp_imu.o(i._Z8IMU_Initv) for IMU_Init()
    main.o(i._Z5setupv) refers to bsp_particlesensor.o(i._Z19ParticleSensor_Initv) for ParticleSensor_Init()
    main.o(i._Z5setupv) refers to hardwareserial.o(.bss) for Serial
    main.o(i._Z5setupv) refers to wire.o(.bss) for Wire
    main.o(i.main) refers to misc.o(i.NVIC_PriorityGroupConfig) for NVIC_PriorityGroupConfig
    main.o(i.main) refers to gpio.o(i.GPIO_JTAG_Disable) for GPIO_JTAG_Disable
    main.o(i.main) refers to delay.o(i.Delay_Init) for Delay_Init
    main.o(i.main) refers to adc.o(i.ADCx_Init) for ADCx_Init
    main.o(i.main) refers to main.o(i._Z5setupv) for setup()
    main.o(i.main) refers to main.o(i._Z4loopv) for loop()
    main.o(.ARM.exidx) refers to main.o(i._Z5setupv) for i._Z5setupv
    main.o(.ARM.exidx) refers to main.o(i._Z4loopv) for i._Z4loopv
    main.o(.ARM.exidx) refers to main.o(i.main) for i.main
    bsp_i2c_scan.o(i._Z8I2C_Scanb) refers to wire.o(i._ZN7TwoWire5beginEh) for TwoWire::begin(unsigned char)
    bsp_i2c_scan.o(i._Z8I2C_Scanb) refers to print.o(i._ZN5Print7printlnEPKc) for Print::println(const char*)
    bsp_i2c_scan.o(i._Z8I2C_Scanb) refers to wirebase.o(i._ZN8WireBase17beginTransmissionEh) for WireBase::beginTransmission(unsigned char)
    bsp_i2c_scan.o(i._Z8I2C_Scanb) refers to wirebase.o(i._ZN8WireBase15endTransmissionEv) for WireBase::endTransmission()
    bsp_i2c_scan.o(i._Z8I2C_Scanb) refers to print.o(i._ZN5Print5printEPKc) for Print::print(const char*)
    bsp_i2c_scan.o(i._Z8I2C_Scanb) refers to print.o(i._ZN5Print5printEhi) for Print::print(unsigned char, int)
    bsp_i2c_scan.o(i._Z8I2C_Scanb) refers to print.o(i._ZN5Print7printlnEhi) for Print::println(unsigned char, int)
    bsp_i2c_scan.o(i._Z8I2C_Scanb) refers to print.o(i._ZN5Print6printfEPKcz) for Print::printf(const char*, ...)
    bsp_i2c_scan.o(i._Z8I2C_Scanb) refers to wire.o(.bss) for Wire
    bsp_i2c_scan.o(i._Z8I2C_Scanb) refers to hardwareserial.o(.bss) for Serial
    bsp_i2c_scan.o(.ARM.exidx) refers to bsp_i2c_scan.o(i._Z8I2C_Scanb) for i._Z8I2C_Scanb
    bsp_imu.o(i._Z10IMU_Updatev) refers to lis2ds12_acc.o(i._Z26LIS2DS12_ACC_R_STEP_DETECTPvP26LIS2DS12_ACC_STEP_DETECT_t) for LIS2DS12_ACC_R_STEP_DETECT(void*, LIS2DS12_ACC_STEP_DETECT_t*)
    bsp_imu.o(i._Z10IMU_Updatev) refers to bsp_comslave.o(i._Z35ComSlave_ReqExecuteUserCallbackNodePK21ComSlave_UserCallback) for ComSlave_ReqExecuteUserCallbackNode(const ComSlave_UserCallback*)
    bsp_imu.o(i._Z10IMU_Updatev) refers to lis2ds12_acc.o(i._Z28LIS2DS12_ACC_Get_StepCounterPvPh) for LIS2DS12_ACC_Get_StepCounter(void*, unsigned char*)
    bsp_imu.o(i._Z10IMU_Updatev) refers to lis2ds12_acc.o(i._Z24LIS2DS12_ACC_W_RST_NSTEPPv24LIS2DS12_ACC_RST_NSTEP_t) for LIS2DS12_ACC_W_RST_NSTEP(void*, LIS2DS12_ACC_RST_NSTEP_t)
    bsp_imu.o(i._Z10IMU_Updatev) refers to bsp_imu.o(.data) for .data
    bsp_imu.o(i._Z10IMU_Updatev) refers to bsp_imu.o(.bss) for .bss
    bsp_imu.o(i._Z12IMU_GetStepsv) refers to bsp_imu.o(.data) for .data
    bsp_imu.o(i._Z16IMU_NodeCallbackPvh) refers to bsp_imu.o(.data) for .data
    bsp_imu.o(i._Z8IMU_Initv) refers to lis2ds12_acc.o(i._Z20LIS2DS12_ACC_ReadRegPvhPht) for LIS2DS12_ACC_ReadReg(void*, unsigned char, unsigned char*, unsigned short)
    bsp_imu.o(i._Z8IMU_Initv) refers to lis2ds12_acc.o(i._Z25LIS2DS12_ACC_W_SOFT_RESETPv25LIS2DS12_ACC_SOFT_RESET_t) for LIS2DS12_ACC_W_SOFT_RESET(void*, LIS2DS12_ACC_SOFT_RESET_t)
    bsp_imu.o(i._Z8IMU_Initv) refers to lis2ds12_acc.o(i._Z25LIS2DS12_ACC_R_SOFT_RESETPvP25LIS2DS12_ACC_SOFT_RESET_t) for LIS2DS12_ACC_R_SOFT_RESET(void*, LIS2DS12_ACC_SOFT_RESET_t*)
[...]
    PVD_IRQHandler                           0x0800025f   Thumb Code     0  startup_stm32f10x_md.o(.text)
    RCC_IRQHandler                           0x0800025f   Thumb Code     0  startup_stm32f10x_md.o(.text)
    RTCAlarm_IRQHandler                      0x0800025f   Thumb Code     0  startup_stm32f10x_md.o(.text)
    RTC_IRQHandler                           0x0800025f   Thumb Code     0  startup_stm32f10x_md.o(.text)
    SPI1_IRQHandler                          0x0800025f   Thumb Code     0  startup_stm32f10x_md.o(.text)
    SPI2_IRQHandler                          0x0800025f   Thumb Code     0  startup_stm32f10x_md.o(.text)
    TAMPER_IRQHandler                        0x0800025f   Thumb Code     0  startup_stm32f10x_md.o(.text)
    TIM1_BRK_IRQHandler                      0x0800025f   Thumb Code     0  startup_stm32f10x_md.o(.text)
    TIM1_CC_IRQHandler                       0x0800025f   Thumb Code     0  startup_stm32f10x_md.o(.text)
    TIM1_TRG_COM_IRQHandler                  0x0800025f   Thumb Code     0  startup_stm32f10x_md.o(.text)
    USBWakeUp_IRQHandler                     0x0800025f   Thumb Code     0  startup_stm32f10x_md.o(.text)
    USB_HP_CAN1_TX_IRQHandler                0x0800025f   Thumb Code     0  startup_stm32f10x_md.o(.text)
    USB_LP_CAN1_RX0_IRQHandler               0x0800025f   Thumb Code     0  startup_stm32f10x_md.o(.text)
    WWDG_IRQHandler                          0x0800025f   Thumb Code     0  startup_stm32f10x_md.o(.text)
    __user_initial_stackheap                 0x08000261   Thumb Code     0  startup_stm32f10x_md.o(.text)
    __rt_ctype_table                         0x08000285   Thumb Code    16  rt_ctype_table.o(.text)
    free                                     0x08000295   Thumb Code    78  h1_free.o(.text)
    __aeabi_uldivmod                         0x080002e3   Thumb Code     0  lludivv7m.o(.text)
    _ll_udiv                                 0x080002e3   Thumb Code   238  lludivv7m.o(.text)
    __c89vsnprintf                           0x080003d1   Thumb Code    48  c89vsnprintf.o(.text)
    _printf_pre_padding                      0x08000405   Thumb Code    44  _printf_pad.o(.text)
    _printf_post_padding                     0x08000431   Thumb Code    34  _printf_pad.o(.text)
    _printf_int_dec                          0x08000455   Thumb Code   104  _printf_dec.o(.text)
    __printf                                 0x080004cd   Thumb Code   388  __printf_flags_ss_wp.o(.text)
    __aeabi_atexit                           0x08000655   Thumb Code    46  aeabi_atexit.o(.text)
    __aeabi_memclr                           0x08000683   Thumb Code     0  rt_memclr.o(.text)
    __rt_memclr                              0x08000683   Thumb Code    68  rt_memclr.o(.text)
    _memset                                  0x08000687   Thumb Code     0  rt_memclr.o(.text)
    strcmp                                   0x080006c9   Thumb Code   128  strcmpv7m.o(.text)
    __use_two_region_memory                  0x08000749   Thumb Code     2  heapauxi.o(.text)
    __rt_heap_escrow                         0x0800074b   Thumb Code     2  heapauxi.o(.text)
    __rt_heap_expand                         0x0800074d   Thumb Code     2  heapauxi.o(.text)
    __cpp_initialize__aeabi_                 0x08000751   Thumb Code    26  init_aeabi.o(.text)
    __rt_heap_descriptor                     0x08000775   Thumb Code     8  rt_heap_descriptor_intlibspace.o(.text)
    __rt_locale                              0x0800077d   Thumb Code     8  rt_locale_intlibspace.o(.text)
    __rt_ddtor_pointer_addr                  0x08000785   Thumb Code     8  rt_ddtor_pointer_addr_intlibspace.o(.text)
    __use_no_heap                            0x0800078d   Thumb Code     2  hguard.o(.text)
    __heap$guard                             0x0800078f   Thumb Code     2  hguard.o(.text)
    _terminate_user_alloc                    0x08000791   Thumb Code     2  init_alloc.o(.text)
    _init_user_alloc                         0x08000793   Thumb Code     2  init_alloc.o(.text)
    __Heap_Full                              0x08000795   Thumb Code    34  init_alloc.o(.text)
    __Heap_Broken                            0x080007b7   Thumb Code     6  init_alloc.o(.text)
    _init_alloc                              0x080007bd   Thumb Code    94  init_alloc.o(.text)
    malloc                                   0x0800081b   Thumb Code    94  h1_alloc.o(.text)
    _printf_truncate_signed                  0x08000879   Thumb Code    18  _printf_truncate.o(.text)
    _printf_truncate_unsigned                0x0800088b   Thumb Code    18  _printf_truncate.o(.text)
    _printf_str                              0x0800089d   Thumb Code    82  _printf_str.o(.text)
    _printf_int_common                       0x080008ef   Thumb Code   178  _printf_intcommon.o(.text)
    _printf_charcount                        0x080009a1   Thumb Code    40  _printf_charcount.o(.text)
    __lib_sel_fp_printf                      0x080009c9   Thumb Code     2  _printf_fp_dec.o(.text)
    _printf_fp_dec_real                      0x08000b7b   Thumb Code   620  _printf_fp_dec.o(.text)
    _printf_char_common                      0x08000df3   Thumb Code    32  _printf_char_common.o(.text)
    _sputc                                   0x08000e19   Thumb Code    10  _sputc.o(.text)
    _snputc                                  0x08000e23   Thumb Code    16  _snputc.o(.text)
    _printf_wctomb                           0x08000e35   Thumb Code   182  _printf_wctomb.o(.text)
    _printf_longlong_dec                     0x08000ef1   Thumb Code   108  _printf_longlong_dec.o(.text)
    _printf_longlong_oct                     0x08000f6d   Thumb Code    66  _printf_oct_int_ll.o(.text)
    _printf_int_oct                          0x08000faf   Thumb Code    24  _printf_oct_int_ll.o(.text)
    _printf_ll_oct                           0x08000fc7   Thumb Code    12  _printf_oct_int_ll.o(.text)
    _printf_longlong_hex                     0x08000fdd   Thumb Code    86  _printf_hex_int_ll_ptr.o(.text)
    _printf_int_hex                          0x08001033   Thumb Code    28  _printf_hex_int_ll_ptr.o(.text)
    _printf_ll_hex                           0x0800104f   Thumb Code    12  _printf_hex_int_ll_ptr.o(.text)
    _printf_hex_ptr                          0x0800105b   Thumb Code    18  _printf_hex_int_ll_ptr.o(.text)
    __cxa_finalize                           0x08001071   Thumb Code    66  cxa_finalize.o(.text)
    __aeabi_memclr4                          0x080010b3   Thumb Code     0  rt_memclr_w.o(.text)
    __aeabi_memclr8                          0x080010b3   Thumb Code     0  rt_memclr_w.o(.text)
    __rt_memclr_w                            0x080010b3   Thumb Code    78  rt_memclr_w.o(.text)
    _memset_w                                0x080010b7   Thumb Code     0  rt_memclr_w.o(.text)
    __user_libspace                          0x08001101   Thumb Code     8  libspace.o(.text)
    __user_perproc_libspace                  0x08001101   Thumb Code     0  libspace.o(.text)
    __user_perthread_libspace                0x08001101   Thumb Code     0  libspace.o(.text)
    __Heap_Initialize                        0x08001109   Thumb Code    10  h1_init.o(.text)
    __Heap_DescSize                          0x08001113   Thumb Code     4  h1_init.o(.text)
    __Heap_ProvideMemory                     0x08001117   Thumb Code    52  h1_extend.o(.text)
    _ll_udiv10                               0x0800114b   Thumb Code   138  lludiv10.o(.text)
    _printf_fp_infnan                        0x080011d5   Thumb Code   112  _printf_fp_infnan.o(.text)
    _printf_cs_common                        0x08001255   Thumb Code    20  _printf_char.o(.text)
    _printf_char                             0x08001269   Thumb Code    16  _printf_char.o(.text)
    _printf_string                           0x08001279   Thumb Code     8  _printf_char.o(.text)
    _printf_lcs_common                       0x08001281   Thumb Code    20  _printf_wchar.o(.text)
    _printf_wchar                            0x08001295   Thumb Code    16  _printf_wchar.o(.text)
    _printf_wstring                          0x080012a5   Thumb Code     8  _printf_wchar.o(.text)
    _btod_etento                             0x080012ad   Thumb Code   224  bigflt0.o(.text)
    _wcrtomb                                 0x08001391   Thumb Code    64  _wcrtomb.o(.text)
    __sig_exit                               0x080013d1   Thumb Code    10  defsig_exit.o(.text)
    __rt_SIGRTMEM                            0x080013db   Thumb Code    14  defsig_rtmem_outer.o(.text)
    _sys_exit                                0x080013e9   Thumb Code     8  sys_exit.o(.text)
    __user_setup_stackheap                   0x080013f5   Thumb Code    74  sys_stackheap_outer.o(.text)
    exit                                     0x0800143f   Thumb Code    18  exit.o(.text)
    __default_signal_display                 0x08001451   Thumb Code    50  defsig_general.o(.text)
    __rt_SIGRTMEM_inner                      0x08001485   Thumb Code    22  defsig_rtmem_inner.o(.text)
    _ttywrch                                 0x080014d5   Thumb Code    14  sys_wrch.o(.text)
    __I$use$semihosting                      0x080014e3   Thumb Code     0  use_no_semi.o(.text)
    __use_no_semihosting_swi                 0x080014e3   Thumb Code     2  use_no_semi.o(.text)
    __semihosting_library_function           0x080014e5   Thumb Code     0  indicate_semi.o(.text)
    _btod_d2e                                0x080014e5   Thumb Code    62  btod.o(CL$$btod_d2e)
    _d2e_denorm_low                          0x08001523   Thumb Code    70  btod.o(CL$$btod_d2e_denorm_low)
    _d2e_norm_op1                            0x08001569   Thumb Code    96  btod.o(CL$$btod_d2e_norm_op1)
    __btod_div_common                        0x080015c9   Thumb Code   696  btod.o(CL$$btod_div_common)
    _e2e                                     0x08001901   Thumb Code   220  btod.o(CL$$btod_e2e)
    _btod_ediv                               0x080019dd   Thumb Code    42  btod.o(CL$$btod_ediv)
    _btod_emul                               0x08001a07   Thumb Code    42  btod.o(CL$$btod_emul)
    __btod_mult_common                       0x08001a31   Thumb Code   580  btod.o(CL$$btod_mult_common)
    ADC_Cmd                                  0x08001c75   Thumb Code    20  stm32f10x_adc.o(i.ADC_Cmd)
    ADC_DMA_Register                         0x08001c89   Thumb Code   146  adc.o(i.ADC_DMA_Register)
    ADC_DeInit                               0x08001d51   Thumb Code    56  stm32f10x_adc.o(i.ADC_DeInit)
    ADC_GetCalibrationStatus                 0x08001d95   Thumb Code    14  stm32f10x_adc.o(i.ADC_GetCalibrationStatus)
    ADC_GetResetCalibrationStatus            0x08001da3   Thumb Code    14  stm32f10x_adc.o(i.ADC_GetResetCalibrationStatus)
    ADC_Init                                 0x08001db1   Thumb Code    62  stm32f10x_adc.o(i.ADC_Init)
    ADC_ResetCalibration                     0x08001df9   Thumb Code    10  stm32f10x_adc.o(i.ADC_ResetCalibration)
    ADC_StartCalibration                     0x08001e03   Thumb Code    10  stm32f10x_adc.o(i.ADC_StartCalibration)
    ADCx_Init                                0x08001e0d   Thumb Code   138  adc.o(i.ADCx_Init)
    Delay_Init                               0x08001ea5   Thumb Code    64  delay.o(i.Delay_Init)
    EXTI0_IRQHandler                         0x08001ee9   Thumb Code    32  exti.o(i.EXTI0_IRQHandler)
    EXTI15_10_IRQHandler                     0x08001f0d   Thumb Code   156  exti.o(i.EXTI15_10_IRQHandler)
    EXTI1_IRQHandler                         0x08001fad   Thumb Code    32  exti.o(i.EXTI1_IRQHandler)
    EXTI2_IRQHandler                         0x08001fd1   Thumb Code    32  exti.o(i.EXTI2_IRQHandler)
    EXTI3_IRQHandler                         0x08001ff5   Thumb Code    32  exti.o(i.EXTI3_IRQHandler)
    EXTI4_IRQHandler                         0x08002019   Thumb Code    32  exti.o(i.EXTI4_IRQHandler)
    EXTI9_5_IRQHandler                       0x0800203d   Thumb Code   120  exti.o(i.EXTI9_5_IRQHandler)
    EXTI_ClearITPendingBit                   0x080020b9   Thumb Code     6  stm32f10x_exti.o(i.EXTI_ClearITPendingBit)
    EXTI_GetITStatus                         0x080020c5   Thumb Code    28  stm32f10x_exti.o(i.EXTI_GetITStatus)
    GPIO_Init                                0x080020e5   Thumb Code   162  stm32f10x_gpio.o(i.GPIO_Init)
    GPIO_JTAG_Disable                        0x08002189   Thumb Code    22  gpio.o(i.GPIO_JTAG_Disable)
    GPIO_PinRemapConfig                      0x080021a5   Thumb Code    82  stm32f10x_gpio.o(i.GPIO_PinRemapConfig)
    GPIOx_Init                               0x080021fd   Thumb Code   118  gpio.o(i.GPIOx_Init)
    NVIC_Init                                0x08002291   Thumb Code    94  misc.o(i.NVIC_Init)
    NVIC_PriorityGroupConfig                 0x080022f5   Thumb Code    10  misc.o(i.NVIC_PriorityGroupConfig)
    PWM_Init                                 0x08002309   Thumb Code    80  pwm.o(i.PWM_Init)
    RCC_ADCCLKConfig                         0x08002361   Thumb Code    14  stm32f10x_rcc.o(i.RCC_ADCCLKConfig)
    RCC_APB1PeriphClockCmd                   0x08002375   Thumb Code    18  stm32f10x_rcc.o(i.RCC_APB1PeriphClockCmd)
    RCC_APB2PeriphClockCmd                   0x0800238d   Thumb Code    18  stm32f10x_rcc.o(i.RCC_APB2PeriphClockCmd)
    RCC_APB2PeriphResetCmd                   0x080023a5   Thumb Code    18  stm32f10x_rcc.o(i.RCC_APB2PeriphResetCmd)
    RCC_GetClocksFreq                        0x080023bd   Thumb Code   128  stm32f10x_rcc.o(i.RCC_GetClocksFreq)
    SysTick_Handler                          0x080024f5   Thumb Code    10  delay.o(i.SysTick_Handler)
    SystemCoreClockUpdate                    0x08002505   Thumb Code    84  system_stm32f10x.o(i.SystemCoreClockUpdate)
    SystemInit                               0x08002569   Thumb Code    64  system_stm32f10x.o(i.SystemInit)
    TIM1_UP_IRQHandler                       0x080025b9   Thumb Code    38  timer.o(i.TIM1_UP_IRQHandler)
    TIM2_IRQHandler                          0x080025e9   Thumb Code    38  timer.o(i.TIM2_IRQHandler)
    TIM3_IRQHandler                          0x08002615   Thumb Code    38  timer.o(i.TIM3_IRQHandler)
    TIM4_IRQHandler                          0x08002645   Thumb Code    38  timer.o(i.TIM4_IRQHandler)
    TIM_ClearITPendingBit                    0x08002675   Thumb Code     6  stm32f10x_tim.o(i.TIM_ClearITPendingBit)
    TIM_Cmd                                  0x0800267b   Thumb Code    20  stm32f10x_tim.o(i.TIM_Cmd)
    TIM_CtrlPWMOutputs                       0x0800268f   Thumb Code    22  stm32f10x_tim.o(i.TIM_CtrlPWMOutputs)
    TIM_GetITStatus                          0x080026a5   Thumb Code    24  stm32f10x_tim.o(i.TIM_GetITStatus)
    TIM_OC1Init                              0x080026bd   Thumb Code   106  stm32f10x_tim.o(i.TIM_OC1Init)
    TIM_OC1PreloadConfig                     0x0800273d   Thumb Code    12  stm32f10x_tim.o(i.TIM_OC1PreloadConfig)
    TIM_OC2Init                              0x08002749   Thumb Code   120  stm32f10x_tim.o(i.TIM_OC2Init)
    TIM_OC2PreloadConfig                     0x080027c9   Thumb Code    20  stm32f10x_tim.o(i.TIM_OC2PreloadConfig)
    TIM_OC3Init                              0x080027dd   Thumb Code   116  stm32f10x_tim.o(i.TIM_OC3Init)
    TIM_OC3PreloadConfig                     0x08002859   Thumb Code    12  stm32f10x_tim.o(i.TIM_OC3PreloadConfig)
    TIM_OC4Init                              0x08002865   Thumb Code    90  stm32f10x_tim.o(i.TIM_OC4Init)
    TIM_OC4PreloadConfig                     0x080028c9   Thumb Code    20  stm32f10x_tim.o(i.TIM_OC4PreloadConfig)
    TIM_TimeBaseInit                         0x080028dd   Thumb Code   114  stm32f10x_tim.o(i.TIM_TimeBaseInit)
    TIMx_OCxInit                             0x08002979   Thumb Code   312  pwm.o(i.TIMx_OCxInit)
    Timer_ClockCmd                           0x08002af1   Thumb Code   188  timer.o(i.Timer_ClockCmd)
    USART1_IRQHandler                        0x08002bed   Thumb Code     6  hardwareserial.o(i.USART1_IRQHandler)
    USART2_IRQHandler                        0x08002bf9   Thumb Code     6  hardwareserial.o(i.USART2_IRQHandler)
    USART3_IRQHandler                        0x08002c05   Thumb Code     6  hardwareserial.o(i.USART3_IRQHandler)
    USART_ClearITPendingBit                  0x08002c11   Thumb Code    12  stm32f10x_usart.o(i.USART_ClearITPendingBit)
    USART_Cmd                                0x08002c1d   Thumb Code    20  stm32f10x_usart.o(i.USART_Cmd)
    USART_GetFlagStatus                      0x08002c31   Thumb Code    14  stm32f10x_usart.o(i.USART_GetFlagStatus)
    USART_GetITStatus                        0x08002c3f   Thumb Code    62  stm32f10x_usart.o(i.USART_GetITStatus)
    USART_ITConfig                           0x08002c7d   Thumb Code    48  stm32f10x_usart.o(i.USART_ITConfig)
    USART_Init                               0x08002cad   Thumb Code   166  stm32f10x_usart.o(i.USART_Init)
    USART_ReceiveData                        0x08002d59   Thumb Code     8  stm32f10x_usart.o(i.USART_ReceiveData)
    USART_SendData                           0x08002d61   Thumb Code     8  stm32f10x_usart.o(i.USART_SendData)
    IMU_Update()                             0x08002d69   Thumb Code    84  bsp_imu.o(i._Z10IMU_Updatev)
    checkForBeat(int)                        0x08002dc5   Thumb Code   140  heartrate.o(i._Z12checkForBeati)
    ComSlave_Init()                          0x08002e55   Thumb Code    10  bsp_comslave.o(i._Z13ComSlave_Initv)
    TouchPad_Init()                          0x08002e65   Thumb Code    16  bsp_touchpad.o(i._Z13TouchPad_Initv)
    ComSlave_Update()                        0x08002f25   Thumb Code     4  bsp_comslave.o(i._Z15ComSlave_Updatev)
    TouchPad_Update()                        0x08002f29   Thumb Code    60  bsp_touchpad.o(i._Z15TouchPad_Updatev)
    lowPassFIRFilter(short)                  0x08002f85   Thumb Code    86  heartrate.o(i._Z16lowPassFIRFilters)
    LIS2DS12_ACC_W_LIR(void*, LIS2DS12_ACC_LIR_t) 0x08002fe9   Thumb Code    54  lis2ds12_acc.o(i._Z18LIS2DS12_ACC_W_LIRPv18LIS2DS12_ACC_LIR_t)
    LIS2DS12_ACC_W_ODR(void*, LIS2DS12_ACC_ODR_t) 0x0800301f   Thumb Code    54  lis2ds12_acc.o(i._Z18LIS2DS12_ACC_W_ODRPv18LIS2DS12_ACC_ODR_t)
    averageDCEstimator(int*, unsigned short) 0x08003055   Thumb Code    18  heartrate.o(i._Z18averageDCEstimatorPit)
    ParticleSensor_Init()                    0x08003069   Thumb Code   114  bsp_particlesensor.o(i._Z19ParticleSensor_Initv)
    LIS2DS12_ACC_ReadReg(void*, unsigned char, unsigned char*, unsigned short) 0x08003181   Thumb Code    76  lis2ds12_acc.o(i._Z20LIS2DS12_ACC_ReadRegPvhPht)
    LIS2DS12_ACC_W_PEDO4G(void*, LIS2DS12_ACC_PEDO4G_t) 0x080031d1   Thumb Code    54  lis2ds12_acc.o(i._Z21LIS2DS12_ACC_W_PEDO4GPv21LIS2DS12_ACC_PEDO4G_t)
    LIS2DS12_ACC_WriteReg(void*, unsigned char, unsigned char*, unsigned short) 0x08003209   Thumb Code    60  lis2ds12_acc.o(i._Z21LIS2DS12_ACC_WriteRegPvhPht)
    ParticleSensor_Update()                  0x08003249   Thumb Code   160  bsp_particlesensor.o(i._Z21ParticleSensor_Updatev)
    LIS2DS12_ACC_W_SC_MTHS(void*, unsigned char) 0x08003321   Thumb Code    56  lis2ds12_acc.o(i._Z22LIS2DS12_ACC_W_SC_MTHSPvh)
    LIS2DS12_ACC_W_FUNC_CFG(void*, LIS2DS12_ACC_FUNC_CFG_t) 0x08003359   Thumb Code    54  lis2ds12_acc.o(i._Z23LIS2DS12_ACC_W_FUNC_CFGPv23LIS2DS12_ACC_FUNC_CFG_t)
    LIS2DS12_ACC_W_FullScale(void*, LIS2DS12_ACC_FS_t) 0x0800338f   Thumb Code    54  lis2ds12_acc.o(i._Z24LIS2DS12_ACC_W_FullScalePv17LIS2DS12_ACC_FS_t)
    LIS2DS12_ACC_W_RST_NSTEP(void*, LIS2DS12_ACC_RST_NSTEP_t) 0x080033c5   Thumb Code    54  lis2ds12_acc.o(i._Z24LIS2DS12_ACC_W_RST_NSTEPPv24LIS2DS12_ACC_RST_NSTEP_t)
    LIS2DS12_ACC_R_SOFT_RESET(void*, LIS2DS12_ACC_SOFT_RESET_t*) 0x080033fb   Thumb Code    30  lis2ds12_acc.o(i._Z25LIS2DS12_ACC_R_SOFT_RESETPvP25LIS2DS12_ACC_SOFT_RESET_t)
    LIS2DS12_ACC_W_SOFT_RESET(void*, LIS2DS12_ACC_SOFT_RESET_t) 0x08003419   Thumb Code    54  lis2ds12_acc.o(i._Z25LIS2DS12_ACC_W_SOFT_RESETPv25LIS2DS12_ACC_SOFT_RESET_t)
    LIS2DS12_ACC_R_STEP_DETECT(void*, LIS2DS12_ACC_STEP_DETECT_t*) 0x0800344f   Thumb Code    30  lis2ds12_acc.o(i._Z26LIS2DS12_ACC_R_STEP_DETECTPvP26LIS2DS12_ACC_STEP_DETECT_t)
    LIS2DS12_ACC_W_STEP_CNT_ON(void*, LIS2DS12_ACC_STEP_CNT_ON_t) 0x0800346d   Thumb Code    54  lis2ds12_acc.o(i._Z26LIS2DS12_ACC_W_STEP_CNT_ONPv26LIS2DS12_ACC_STEP_CNT_ON_t)
    LIS2DS12_ACC_Get_StepCounter(void*, unsigned char*) 0x080034bd   Thumb Code    64  lis2ds12_acc.o(i._Z28LIS2DS12_ACC_Get_StepCounterPvPh)
    LIS2DS12_ACC_W_INT2_STEP_DET(void*, LIS2DS12_ACC_INT2_STEP_DET_t) 0x080034fd   Thumb Code    54  lis2ds12_acc.o(i._Z28LIS2DS12_ACC_W_INT2_STEP_DETPv28LIS2DS12_ACC_INT2_STEP_DET_t)
    ComSlave_ReqExecuteUserCallbackNode(const ComSlave_UserCallback*) 0x08003535   Thumb Code    22  bsp_comslave.o(i._Z35ComSlave_ReqExecuteUserCallbackNodePK21ComSlave_UserCallback)
    loop()                                   0x08003551   Thumb Code    96  main.o(i._Z4loopv)
    setup()                                  0x080035b9   Thumb Code    54  main.o(i._Z5setupv)
    I2C_Scan(bool)                           0x080035f9   Thumb Code   146  bsp_i2c_scan.o(i._Z8I2C_Scanb)
    IMU_Init()                               0x0800370d   Thumb Code   262  bsp_imu.o(i._Z8IMU_Initv)
    HardwareSerial::IRQHandler()             0x08003825   Thumb Code    72  hardwareserial.o(i._ZN14HardwareSerial10IRQHandlerEv)
    HardwareSerial::begin(unsigned)          0x0800386d   Thumb Code     6  hardwareserial.o(i._ZN14HardwareSerial5beginEj)
    HardwareSerial::begin(unsigned, SERIAL_Config) 0x08003873   Thumb Code    14  hardwareserial.o(i._ZN14HardwareSerial5beginEj13SERIAL_Config)
    HardwareSerial::begin(unsigned, SERIAL_Config, unsigned char, unsigned char) 0x08003881   Thumb Code   258  hardwareserial.o(i._ZN14HardwareSerial5beginEj13SERIAL_Confighh)
    HardwareSerial::write(unsigned char)     0x08003999   Thumb Code    30  hardwareserial.o(i._ZN14HardwareSerial5writeEh)
    HardwareSerial::HardwareSerial(USART_TypeDef*) 0x080039b9   Thumb Code    24  hardwareserial.o(i._ZN14HardwareSerialC1EP13USART_TypeDef)
    HardwareSerial::HardwareSerial__sub_object(USART_TypeDef*) 0x080039b9   Thumb Code     0  hardwareserial.o(i._ZN14HardwareSerialC1EP13USART_TypeDef)
    Print::printNumber(unsigned long long, unsigned char) 0x080039d5   Thumb Code   100  print.o(i._ZN5Print11printNumberEyh)
    Print::print(const char*)                0x08003a39   Thumb Code     6  print.o(i._ZN5Print5printEPKc)
    Print::print(char)                       0x08003a3f   Thumb Code     6  print.o(i._ZN5Print5printEc)
    Print::print(unsigned char, int)         0x08003a45   Thumb Code    14  print.o(i._ZN5Print5printEhi)
    Print::print(unsigned long long, int)    0x08003a53   Thumb Code    30  print.o(i._ZN5Print5printEyi)
    Print::write(const char*)                0x08003a71   Thumb Code    32  print.o(i._ZN5Print5writeEPKc)
    Print::write(const void*, unsigned)      0x08003a91   Thumb Code    40  print.o(i._ZN5Print5writeEPKvj)
    Print::printf(const char*, ...)          0x08003ab9   Thumb Code    40  print.o(i._ZN5Print6printfEPKcz)
    Print::println(const char*)              0x08003ae1   Thumb Code    20  print.o(i._ZN5Print7printlnEPKc)
    Print::println(unsigned char, int)       0x08003af5   Thumb Code    20  print.o(i._ZN5Print7printlnEhi)
    Print::println()                         0x08003b09   Thumb Code    24  print.o(i._ZN5Print7printlnEv)
    FT6336U::read_touch1_x()                 0x08003b21   Thumb Code    32  ft6336u.o(i._ZN7FT6336U13read_touch1_xEv)
    FT6336U::read_touch1_y()                 0x08003b41   Thumb Code    32  ft6336u.o(i._ZN7FT6336U13read_touch1_yEv)
    FT6336U::read_touch1_event()             0x08003b61   Thumb Code    12  ft6336u.o(i._ZN7FT6336U17read_touch1_eventEv)
    FT6336U::readByte(unsigned char)         0x08003b6d   Thumb Code    64  ft6336u.o(i._ZN7FT6336U8readByteEh)
    FT6336U::FT6336U()                       0x08003bb1   Thumb Code     6  ft6336u.o(i._ZN7FT6336UC1Ev)
    FT6336U::FT6336U__sub_object()           0x08003bb1   Thumb Code     0  ft6336u.o(i._ZN7FT6336UC1Ev)
    FT6336U::~FT6336U()                      0x08003bbd   Thumb Code     2  ft6336u.o(i._ZN7FT6336UD1Ev)
    FT6336U::~FT6336U__sub_object()          0x08003bbd   Thumb Code     0  ft6336u.o(i._ZN7FT6336UD1Ev)
    TwoWire::i2c_get_ack()                   0x08003bbf   Thumb Code    54  wire.o(i._ZN7TwoWire11i2c_get_ackEv)
    TwoWire::i2c_send_ack()                  0x08003bf5   Thumb Code    30  wire.o(i._ZN7TwoWire12i2c_send_ackEv)
    TwoWire::i2c_shift_in()                  0x08003c13   Thumb Code    58  wire.o(i._ZN7TwoWire12i2c_shift_inEv)
    TwoWire::i2c_send_nack()                 0x08003c4d   Thumb Code    30  wire.o(i._ZN7TwoWire13i2c_send_nackEv)
    TwoWire::i2c_shift_out(unsigned char)    0x08003c6b   Thumb Code    62  wire.o(i._ZN7TwoWire13i2c_shift_outEh)
    TwoWire::begin(unsigned char)            0x08003ca9   Thumb Code    58  wire.o(i._ZN7TwoWire5beginEh)
    TwoWire::process()                       0x08003ce3   Thumb Code   168  wire.o(i._ZN7TwoWire7processEv)
    TwoWire::set_scl(bool)                   0x08003d8b   Thumb Code    42  wire.o(i._ZN7TwoWire7set_sclEb)
    TwoWire::set_sda(bool)                   0x08003db5   Thumb Code    26  wire.o(i._ZN7TwoWire7set_sdaEb)
    TwoWire::i2c_stop()                      0x08003dcf   Thumb Code    30  wire.o(i._ZN7TwoWire8i2c_stopEv)
    TwoWire::i2c_start()                     0x08003ded   Thumb Code    22  wire.o(i._ZN7TwoWire9i2c_startEv)
    TwoWire::TwoWire(unsigned char, unsigned char, unsigned char) 0x08003e05   Thumb Code    20  wire.o(i._ZN7TwoWireC1Ehhh)
    TwoWire::TwoWire__sub_object(unsigned char, unsigned char, unsigned char) 0x08003e05   Thumb Code     0  wire.o(i._ZN7TwoWireC1Ehhh)
    TwoWire::~TwoWire()                      0x08003e1d   Thumb Code    16  wire.o(i._ZN7TwoWireD1Ev)
    TwoWire::~TwoWire__sub_object()          0x08003e1d   Thumb Code     0  wire.o(i._ZN7TwoWireD1Ev)
    MAX30105::enableSlot(unsigned char, unsigned char) 0x08003e31   Thumb Code    50  max30105.o(i._ZN8MAX3010510enableSlotEhh)
    MAX30105::readPartID()                   0x08003e63   Thumb Code     8  max30105.o(i._ZN8MAX3010510readPartIDEv)
    MAX30105::setLEDMode(unsigned char)      0x08003e6b   Thumb Code    10  max30105.o(i._ZN8MAX3010510setLEDModeEh)
    MAX30105::setADCRange(unsigned char)     0x08003e75   Thumb Code    10  max30105.o(i._ZN8MAX3010511setADCRangeEh)
    MAX30105::readRegister8(unsigned char, unsigned char) 0x08003e7f   Thumb Code    60  max30105.o(i._ZN8MAX3010513readRegister8Ehh)
    MAX30105::setPulseWidth(unsigned char)   0x08003ebb   Thumb Code    10  max30105.o(i._ZN8MAX3010513setPulseWidthEh)
    MAX30105::setSampleRate(unsigned char)   0x08003ec5   Thumb Code    10  max30105.o(i._ZN8MAX3010513setSampleRateEh)
    MAX30105::getReadPointer()               0x08003ecf   Thumb Code     8  max30105.o(i._ZN8MAX3010514getReadPointerEv)
    MAX30105::readRevisionID()               0x08003ed7   Thumb Code    16  max30105.o(i._ZN8MAX3010514readRevisionIDEv)
    MAX30105::setFIFOAverage(unsigned char)  0x08003ee7   Thumb Code    10  max30105.o(i._ZN8MAX3010514setFIFOAverageEh)
    MAX30105::writeRegister8(unsigned char, unsigned char, unsigned char) 0x08003ef1   Thumb Code    40  max30105.o(i._ZN8MAX3010514writeRegister8Ehhh)
    MAX30105::getWritePointer()              0x08003f19   Thumb Code     8  max30105.o(i._ZN8MAX3010515getWritePointerEv)
    MAX30105::enableFIFORollover()           0x08003f21   Thumb Code    10  max30105.o(i._ZN8MAX3010518enableFIFORolloverEv)
    MAX30105::setPulseAmplitudeIR(unsigned char) 0x08003f2b   Thumb Code    10  max30105.o(i._ZN8MAX3010519setPulseAmplitudeIREh)
    MAX30105::setPulseAmplitudeRed(unsigned char) 0x08003f35   Thumb Code    10  max30105.o(i._ZN8MAX3010520setPulseAmplitudeRedEh)
    MAX30105::setPulseAmplitudeGreen(unsigned char) 0x08003f3f   Thumb Code    10  max30105.o(i._ZN8MAX3010522setPulseAmplitudeGreenEh)
    MAX30105::setPulseAmplitudeProximity(unsigned char) 0x08003f49   Thumb Code    10  max30105.o(i._ZN8MAX3010526setPulseAmplitudeProximityEh)
    MAX30105::begin(TwoWire&, unsigned, unsigned char) 0x08003f53   Thumb Code    54  max30105.o(i._ZN8MAX301055beginER7TwoWirejh)
    MAX30105::check()                        0x08003f89   Thumb Code   310  max30105.o(i._ZN8MAX301055checkEv)
    MAX30105::getIR()                        0x080040bf   Thumb Code    26  max30105.o(i._ZN8MAX301055getIREv)
    MAX30105::setup(unsigned char, unsigned char, unsigned char, int, int, int) 0x080040d9   Thumb Code   364  max30105.o(i._ZN8MAX301055setupEhhhiii)
    MAX30105::bitMask(unsigned char, unsigned char, unsigned char) 0x08004245   Thumb Code    40  max30105.o(i._ZN8MAX301057bitMaskEhhh)
    MAX30105::clearFIFO()                    0x0800426d   Thumb Code    42  max30105.o(i._ZN8MAX301059clearFIFOEv)
    MAX30105::safeCheck(unsigned char)       0x08004297   Thumb Code    44  max30105.o(i._ZN8MAX301059safeCheckEh)
    MAX30105::softReset()                    0x080042c3   Thumb Code    54  max30105.o(i._ZN8MAX301059softResetEv)
    MAX30105::MAX30105()                     0x080042f9   Thumb Code     2  max30105.o(i._ZN8MAX30105C1Ev)
    MAX30105::MAX30105__sub_object()         0x080042f9   Thumb Code     0  max30105.o(i._ZN8MAX30105C1Ev)
    WireBase::requestFrom(unsigned char, int) 0x080042fb   Thumb Code    58  wirebase.o(i._ZN8WireBase11requestFromEhi)
    WireBase::requestFrom(int, int)          0x08004335   Thumb Code     6  wirebase.o(i._ZN8WireBase11requestFromEii)
    WireBase::endTransmission()              0x0800433b   Thumb Code    32  wirebase.o(i._ZN8WireBase15endTransmissionEv)
    WireBase::beginTransmission(unsigned char) 0x0800435b   Thumb Code    22  wirebase.o(i._ZN8WireBase17beginTransmissionEh)
    WireBase::beginTransmission(int)         0x08004371   Thumb Code     6  wirebase.o(i._ZN8WireBase17beginTransmissionEi)
    WireBase::read()                         0x08004377   Thumb Code    58  wirebase.o(i._ZN8WireBase4readEv)
    WireBase::write(unsigned char)           0x080043b1   Thumb Code    40  wirebase.o(i._ZN8WireBase5writeEh)
    WireBase::setClock(unsigned)             0x080043d9   Thumb Code     2  wirebase.o(i._ZN8WireBase8setClockEj)
    WireBase::available()                    0x080043db   Thumb Code    14  wirebase.o(i._ZN8WireBase9availableEv)
    __ARM_fpclassify                         0x080043e9   Thumb Code    40  fpclassify.o(i.__ARM_fpclassify)
    _is_digit                                0x080044dd   Thumb Code    14  __printf_wp.o(i._is_digit)
    delay_ms                                 0x080044ed   Thumb Code    14  delay.o(i.delay_ms)
    delay_us                                 0x08004501   Thumb Code    56  delay.o(i.delay_us)
    digitalRead                              0x08004541   Thumb Code    28  arduino.o(i.digitalRead)
    digitalWrite                             0x08004561   Thumb Code    26  arduino.o(i.digitalWrite)
    main                                     0x08004581   Thumb Code    34  main.o(i.main)
    millis                                   0x080045a9   Thumb Code     6  delay.o(i.millis)
    pinMode                                  0x080045b5   Thumb Code   108  arduino.o(i.pinMode)
    _get_lc_ctype                            0x08004625   Thumb Code    44  lc_ctype_c.o(locale$$code)
    _get_lc_numeric                          0x08004651   Thumb Code    44  lc_numeric_c.o(locale$$code)
    __aeabi_d2f                              0x0800467d   Thumb Code     0  d2f.o(x$fpl$d2f)
    _d2f                                     0x0800467d   Thumb Code    98  d2f.o(x$fpl$d2f)
    __aeabi_ddiv                             0x080046e1   Thumb Code     0  ddiv.o(x$fpl$ddiv)
    _ddiv                                    0x080046e1   Thumb Code   552  ddiv.o(x$fpl$ddiv)
    __aeabi_i2d                              0x08004991   Thumb Code     0  dflt_clz.o(x$fpl$dflt)
    _dflt                                    0x08004991   Thumb Code    46  dflt_clz.o(x$fpl$dflt)
    __fpl_dnaninf                            0x080049bf   Thumb Code   156  dnaninf.o(x$fpl$dnaninf)
    __fpl_dretinf                            0x08004a5b   Thumb Code    12  dretinf.o(x$fpl$dretinf)
    __aeabi_f2iz                             0x08004a69   Thumb Code     0  ffix.o(x$fpl$ffix)
    _ffix                                    0x08004a69   Thumb Code    54  ffix.o(x$fpl$ffix)
    __aeabi_f2uiz                            0x08004aa1   Thumb Code     0  ffixu.o(x$fpl$ffixu)
    _ffixu                                   0x08004aa1   Thumb Code    62  ffixu.o(x$fpl$ffixu)
    __aeabi_fmul                             0x08004ae1   Thumb Code     0  fmul.o(x$fpl$fmul)
    _fmul                                    0x08004ae1   Thumb Code   258  fmul.o(x$fpl$fmul)
    __fpl_fnaninf                            0x08004be3   Thumb Code   140  fnaninf.o(x$fpl$fnaninf)
    __fpl_fretinf                            0x08004c6f   Thumb Code    10  fretinf.o(x$fpl$fretinf)
    _printf_fp_dec                           0x08004c79   Thumb Code     4  printf1.o(x$fpl$printf1)
    __I$use$fp                               0x08004c7c   Number         0  usenofp.o(x$fpl$usenofp)
    PIN_MAP                                  0x08004c94   Data        1792  gpio.o(.constdata)
    vtable for HardwareSerial                0x0800546c   Data          36  hardwareserial.o(.constdata__ZTV14HardwareSerial)
    vtable for FT6336U                       0x08005490   Data          16  ft6336u.o(.constdata__ZTV7FT6336U)
    vtable for TwoWire                       0x080054a0   Data          16  wire.o(.constdata__ZTV7TwoWire)
    Region$$Table$$Base                      0x080054b0   Number         0  anon$$obj.o(Region$$Table)
    Region$$Table$$Limit                     0x080054d0   Number         0  anon$$obj.o(Region$$Table)
    __ctype                                  0x080054dd   Data           0  lc_ctype_c.o(locale$$data)
    SHT$$INIT_ARRAY$$Base                    0x080055fc   Number         0  bsp_particlesensor.o(.init_array)
    SHT$$INIT_ARRAY$$Limit                   0x08005610   Number         0  init_aeabi.o(.init_array)
    number_of_steps                          0x20000014   Data           2  bsp_imu.o(.data)
    rateSpot                                 0x20000018   Data           1  bsp_particlesensor.o(.data)
    lastBeat                                 0x2000001c   Data           4  bsp_particlesensor.o(.data)
    rates                                    0x20000024   Data           4  bsp_particlesensor.o(.data)
    beatsPerMinute                           0x20000028   Data           4  bsp_particlesensor.o(.data)
    beatAvg                                  0x2000002c   Data           4  bsp_particlesensor.o(.data)
    offset                                   0x20000040   Data           1  heartrate.o(.data)
    IR_AC_Max                                0x20000042   Data           2  heartrate.o(.data)
    IR_AC_Min                                0x20000044   Data           2  heartrate.o(.data)
    IR_AC_Signal_Current                     0x20000046   Data           2  heartrate.o(.data)
    IR_AC_Signal_min                         0x20000048   Data           2  heartrate.o(.data)
    IR_AC_Signal_max                         0x2000004a   Data           2  heartrate.o(.data)
    positiveEdge                             0x2000004c   Data           2  heartrate.o(.data)
    negativeEdge                             0x2000004e   Data           2  heartrate.o(.data)
    IR_AC_Signal_Previous                    0x20000050   Data           2  heartrate.o(.data)
    IR_Average_Estimated                     0x20000052   Data           2  heartrate.o(.data)
    ir_avg_reg                               0x20000054   Data           4  heartrate.o(.data)
    SystemCoreClock                          0x200000ec   Data           4  system_stm32f10x.o(.data)
    AHBPrescTable                            0x200000f0   Data          16  system_stm32f10x.o(.data)
    cbuf                                     0x200001b8   Data          64  heartrate.o(.bss)
    Serial                                   0x200001f8   Data         156  hardwareserial.o(.bss)
    Serial2                                  0x20000294   Data         156  hardwareserial.o(.bss)
    Serial3                                  0x20000330   Data         156  hardwareserial.o(.bss)
    Wire                                     0x200003cc   Data          88  wire.o(.bss)
    SPI                                      0x20000424   Data          28  spi.o(.bss)
    SPI_2                                    0x20000440   Data          28  spi.o(.bss)
    SPI_3                                    0x2000045c   Data          28  spi.o(.bss)
    __libspace_start                         0x20000510   Data          96  libspace.o(.bss)
    __temporary_stack_top$libspace           0x20000570   Data           0  libspace.o(.bss)



==============================================================================

Memory Map of the image

  Image Entry point : 0x080000ed

  Load Region LR_IROM1 (Base: 0x08000000, Size: 0x00005710, Max: 0x00020000, ABSOLUTE)

    Execution Region ER_IROM1 (Exec base: 0x08000000, Load base: 0x08000000, Size: 0x00005610, Max: 0x00020000, ABSOLUTE)

    Exec Addr    Load Addr    Size         Type   Attr      Idx    E Section Name        Object

    0x08000000   0x08000000   0x000000ec   Data   RO         6966    RESET               startup_stm32f10x_md.o
    0x080000ec   0x080000ec   0x00000008   Code   RO         7161  * !!!main             c_w.l(__main.o)
    0x080000f4   0x080000f4   0x00000034   Code   RO         7856    !!!scatter          c_w.l(__scatter.o)
    0x08000128   0x08000128   0x0000001a   Code   RO         7858    !!handler_copy      c_w.l(__scatter_copy.o)
    0x08000142   0x08000142   0x00000002   PAD
    0x08000144   0x08000144   0x0000001c   Code   RO         7860    !!handler_zi        c_w.l(__scatter_zi.o)
    0x08000160   0x08000160   0x00000000   Code   RO         7123    .ARM.Collect$$_printf_percent$$00000000  c_w.l(_printf_percent.o)
    0x08000160   0x08000160   0x00000006   Code   RO         7469    .ARM.Collect$$_printf_percent$$00000001  c_w.l(_printf_n.o)
    0x08000166   0x08000166   0x00000006   Code   RO         7471    .ARM.Collect$$_printf_percent$$00000002  c_w.l(_printf_p.o)
    0x0800016c   0x0800016c   0x00000006   Code   RO         7119    .ARM.Collect$$_printf_percent$$00000003  c_w.l(_printf_f.o)
    0x08000172   0x08000172   0x00000006   Code   RO         7120    .ARM.Collect$$_printf_percent$$00000004  c_w.l(_printf_e.o)
    0x08000178   0x08000178   0x00000006   Code   RO         7121    .ARM.Collect$$_printf_percent$$00000005  c_w.l(_printf_g.o)
    0x0800017e   0x0800017e   0x00000006   Code   RO         7122    .ARM.Collect$$_printf_percent$$00000006  c_w.l(_printf_a.o)
    0x08000184   0x08000184   0x0000000a   Code   RO         7479    .ARM.Collect$$_printf_percent$$00000007  c_w.l(_printf_ll.o)
    0x0800018e   0x0800018e   0x00000006   Code   RO         7473    .ARM.Collect$$_printf_percent$$00000008  c_w.l(_printf_i.o)
    0x08000194   0x08000194   0x00000006   Code   RO         7118    .ARM.Collect$$_printf_percent$$00000009  c_w.l(_printf_d.o)
    0x0800019a   0x0800019a   0x00000006   Code   RO         7474    .ARM.Collect$$_printf_percent$$0000000A  c_w.l(_printf_u.o)
    0x080001a0   0x080001a0   0x00000006   Code   RO         7472    .ARM.Collect$$_printf_percent$$0000000B  c_w.l(_printf_o.o)
    0x080001a6   0x080001a6   0x00000006   Code   RO         7470    .ARM.Collect$$_printf_percent$$0000000C  c_w.l(_printf_x.o)
    0x080001ac   0x080001ac   0x00000006   Code   RO         7476    .ARM.Collect$$_printf_percent$$0000000D  c_w.l(_printf_lli.o)
    0x080001b2   0x080001b2   0x00000006   Code   RO         7477    .ARM.Collect$$_printf_percent$$0000000E  c_w.l(_printf_lld.o)
    0x080001b8   0x080001b8   0x00000006   Code   RO         7478    .ARM.Collect$$_printf_percent$$0000000F  c_w.l(_printf_llu.o)
    0x080001be   0x080001be   0x00000006   Code   RO         7483    .ARM.Collect$$_printf_percent$$00000010  c_w.l(_printf_llo.o)
    0x080001c4   0x080001c4   0x00000006   Code   RO         7484    .ARM.Collect$$_printf_percent$$00000011  c_w.l(_printf_llx.o)
    0x080001ca   0x080001ca   0x0000000a   Code   RO         7480    .ARM.Collect$$_printf_percent$$00000012  c_w.l(_printf_l.o)
    0x080001d4   0x080001d4   0x00000006   Code   RO         7467    .ARM.Collect$$_printf_percent$$00000013  c_w.l(_printf_c.o)
    0x080001da   0x080001da   0x00000006   Code   RO         7468    .ARM.Collect$$_printf_percent$$00000014  c_w.l(_printf_s.o)
    0x080001e0   0x080001e0   0x00000006   Code   RO         7481    .ARM.Collect$$_printf_percent$$00000015  c_w.l(_printf_lc.o)
    0x080001e6   0x080001e6   0x00000006   Code   RO         7482    .ARM.Collect$$_printf_percent$$00000016  c_w.l(_printf_ls.o)
    0x080001ec   0x080001ec   0x00000004   Code   RO         7475    .ARM.Collect$$_printf_percent$$00000017  c_w.l(_printf_percent_end.o)
    0x080001f0   0x080001f0   0x00000002   Code   RO         7752    .ARM.Collect$$libinit$$00000000  c_w.l(libinit.o)
    0x080001f2   0x080001f2   0x00000000   Code   RO         7506    .ARM.Collect$$libinit$$00000002  c_w.l(libinit2.o)
    0x080001f2   0x080001f2   0x00000000   Code   RO         7508    .ARM.Collect$$libinit$$00000004  c_w.l(libinit2.o)
    0x080001f2   0x080001f2   0x00000008   Code   RO         7509    .ARM.Collect$$libinit$$00000005  c_w.l(libinit2.o)
    0x080001fa   0x080001fa   0x00000000   Code   RO         7511    .ARM.Collect$$libinit$$0000000A  c_w.l(libinit2.o)
    0x080001fa   0x080001fa   0x00000000   Code   RO         7513    .ARM.Collect$$libinit$$0000000C  c_w.l(libinit2.o)
    0x080001fa   0x080001fa   0x00000000   Code   RO         7515    .ARM.Collect$$libinit$$0000000E  c_w.l(libinit2.o)
    0x080001fa   0x080001fa   0x00000006   Code   RO         7516    .ARM.Collect$$libinit$$0000000F  c_w.l(libinit2.o)
    0x08000200   0x08000200   0x00000000   Code   RO         7518    .ARM.Collect$$libinit$$00000011  c_w.l(libinit2.o)
    0x08000200   0x08000200   0x0000000c   Code   RO         7519    .ARM.Collect$$libinit$$00000012  c_w.l(libinit2.o)
    0x0800020c   0x0800020c   0x00000000   Code   RO         7520    .ARM.Collect$$libinit$$00000013  c_w.l(libinit2.o)
    0x0800020c   0x0800020c   0x00000000   Code   RO         7522    .ARM.Collect$$libinit$$00000015  c_w.l(libinit2.o)
    0x0800020c   0x0800020c   0x0000000a   Code   RO         7523    .ARM.Collect$$libinit$$00000016  c_w.l(libinit2.o)
    0x08000216   0x08000216   0x00000000   Code   RO         7524    .ARM.Collect$$libinit$$00000017  c_w.l(libinit2.o)
    0x08000216   0x08000216   0x00000000   Code   RO         7526    .ARM.Collect$$libinit$$00000019  c_w.l(libinit2.o)
    0x08000216   0x08000216   0x00000000   Code   RO         7528    .ARM.Collect$$libinit$$0000001B  c_w.l(libinit2.o)
    0x08000216   0x08000216   0x00000000   Code   RO         7530    .ARM.Collect$$libinit$$0000001D  c_w.l(libinit2.o)
    0x08000216   0x08000216   0x00000000   Code   RO         7532    .ARM.Collect$$libinit$$0000001F  c_w.l(libinit2.o)
    0x08000216   0x08000216   0x00000000   Code   RO         7534    .ARM.Collect$$libinit$$00000021  c_w.l(libinit2.o)
    0x08000216   0x08000216   0x00000000   Code   RO         7536    .ARM.Collect$$libinit$$00000023  c_w.l(libinit2.o)
    0x08000216   0x08000216   0x00000000   Code   RO         7538    .ARM.Collect$$libinit$$00000025  c_w.l(libinit2.o)
    0x08000216   0x08000216   0x00000000   Code   RO         7542    .ARM.Collect$$libinit$$0000002C  c_w.l(libinit2.o)
    0x08000216   0x08000216   0x00000000   Code   RO         7544    .ARM.Collect$$libinit$$0000002E  c_w.l(libinit2.o)
    0x08000216   0x08000216   0x00000000   Code   RO         7546    .ARM.Collect$$libinit$$00000030  c_w.l(libinit2.o)
    0x08000216   0x08000216   0x00000004   Code   RO         7547    .ARM.Collect$$libinit$$00000031  c_w.l(libinit2.o)
    0x0800021a   0x0800021a   0x00000000   Code   RO         7548    .ARM.Collect$$libinit$$00000032  c_w.l(libinit2.o)
    0x0800021a   0x0800021a   0x00000002   Code   RO         7549    .ARM.Collect$$libinit$$00000033  c_w.l(libinit2.o)
    0x0800021c   0x0800021c   0x00000002   Code   RO         7826    .ARM.Collect$$libshutdown$$00000000  c_w.l(libshutdown.o)
    0x0800021e   0x0800021e   0x00000006   Code   RO         7671    .ARM.Collect$$libshutdown$$00000001  c_w.l(libshutdown2.o)
    0x08000224   0x08000224   0x00000000   Code   RO         7672    .ARM.Collect$$libshutdown$$00000002  c_w.l(libshutdown2.o)
    0x08000224   0x08000224   0x00000000   Code   RO         7674    .ARM.Collect$$libshutdown$$00000004  c_w.l(libshutdown2.o)
    0x08000224   0x08000224   0x00000000   Code   RO         7677    .ARM.Collect$$libshutdown$$00000007  c_w.l(libshutdown2.o)
    0x08000224   0x08000224   0x00000000   Code   RO         7680    .ARM.Collect$$libshutdown$$0000000A  c_w.l(libshutdown2.o)
    0x08000224   0x08000224   0x00000000   Code   RO         7682    .ARM.Collect$$libshutdown$$0000000C  c_w.l(libshutdown2.o)
    0x08000224   0x08000224   0x00000000   Code   RO         7685    .ARM.Collect$$libshutdown$$0000000F  c_w.l(libshutdown2.o)
    0x08000224   0x08000224   0x00000002   Code   RO         7686    .ARM.Collect$$libshutdown$$00000010  c_w.l(libshutdown2.o)
    0x08000226   0x08000226   0x00000000   Code   RO         7367    .ARM.Collect$$rtentry$$00000000  c_w.l(__rtentry.o)
    0x08000226   0x08000226   0x00000000   Code   RO         7582    .ARM.Collect$$rtentry$$00000002  c_w.l(__rtentry2.o)
    0x08000226   0x08000226   0x00000006   Code   RO         7594    .ARM.Collect$$rtentry$$00000004  c_w.l(__rtentry4.o)
    0x0800022c   0x0800022c   0x00000000   Code   RO         7584    .ARM.Collect$$rtentry$$00000009  c_w.l(__rtentry2.o)
    0x0800022c   0x0800022c   0x00000004   Code   RO         7585    .ARM.Collect$$rtentry$$0000000A  c_w.l(__rtentry2.o)
    0x08000230   0x08000230   0x00000000   Code   RO         7587    .ARM.Collect$$rtentry$$0000000C  c_w.l(__rtentry2.o)
    0x08000230   0x08000230   0x00000008   Code   RO         7588    .ARM.Collect$$rtentry$$0000000D  c_w.l(__rtentry2.o)
    0x08000238   0x08000238   0x00000002   Code   RO         7763    .ARM.Collect$$rtexit$$00000000  c_w.l(rtexit.o)
    0x0800023a   0x0800023a   0x00000000   Code   RO         7794    .ARM.Collect$$rtexit$$00000002  c_w.l(rtexit2.o)
    0x0800023a   0x0800023a   0x00000004   Code   RO         7795    .ARM.Collect$$rtexit$$00000003  c_w.l(rtexit2.o)
    0x0800023e   0x0800023e   0x00000006   Code   RO         7796    .ARM.Collect$$rtexit$$00000004  c_w.l(rtexit2.o)
    0x08000244   0x08000244   0x00000000   Code   RO         7600    .emb_text           c_w.l(maybetermalloc1.o)
    0x08000244   0x08000244   0x00000040   Code   RO         6967    .text               startup_stm32f10x_md.o
    0x08000284   0x08000284   0x00000010   Code   RO         7014    .text               c_w.l(rt_ctype_table.o)
    0x08000294   0x08000294   0x0000004e   Code   RO         7020    .text               c_w.l(h1_free.o)
    0x080002e2   0x080002e2   0x000000ee   Code   RO         7078    .text               c_w.l(lludivv7m.o)
    0x080003d0   0x080003d0   0x00000034   Code   RO         7086    .text               c_w.l(c89vsnprintf.o)
    0x08000404   0x08000404   0x0000004e   Code   RO         7094    .text               c_w.l(_printf_pad.o)
    0x08000452   0x08000452   0x00000002   PAD
    0x08000454   0x08000454   0x00000078   Code   RO         7096    .text               c_w.l(_printf_dec.o)
    0x080004cc   0x080004cc   0x00000188   Code   RO         7115    .text               c_w.l(__printf_flags_ss_wp.o)
    0x08000654   0x08000654   0x0000002e   Code   RO         7134    .text               c_w.l(aeabi_atexit.o)
    0x08000682   0x08000682   0x00000044   Code   RO         7153    .text               c_w.l(rt_memclr.o)
    0x080006c6   0x080006c6   0x00000002   PAD
    0x080006c8   0x080006c8   0x00000080   Code   RO         7157    .text               c_w.l(strcmpv7m.o)
    0x08000748   0x08000748   0x00000006   Code   RO         7159    .text               c_w.l(heapauxi.o)
    0x0800074e   0x0800074e   0x00000002   PAD
    0x08000750   0x08000750   0x00000024   Code   RO         7166    .text               c_w.l(init_aeabi.o)
    0x08000774   0x08000774   0x00000008   Code   RO         7375    .text               c_w.l(rt_heap_descriptor_intlibspace.o)
    0x0800077c   0x0800077c   0x00000008   Code   RO         7380    .text               c_w.l(rt_locale_intlibspace.o)
    0x08000784   0x08000784   0x00000008   Code   RO         7385    .text               c_w.l(rt_ddtor_pointer_addr_intlibspace.o)
    0x0800078c   0x0800078c   0x00000004   Code   RO         7392    .text               c_w.l(hguard.o)
    0x08000790   0x08000790   0x0000008a   Code   RO         7394    .text               c_w.l(init_alloc.o)
    0x0800081a   0x0800081a   0x0000005e   Code   RO         7400    .text               c_w.l(h1_alloc.o)
    0x08000878   0x08000878   0x00000024   Code   RO         7416    .text               c_w.l(_printf_truncate.o)
    0x0800089c   0x0800089c   0x00000052   Code   RO         7418    .text               c_w.l(_printf_str.o)
    0x080008ee   0x080008ee   0x000000b2   Code   RO         7420    .text               c_w.l(_printf_intcommon.o)
    0x080009a0   0x080009a0   0x00000028   Code   RO         7422    .text               c_w.l(_printf_charcount.o)
    0x080009c8   0x080009c8   0x0000041e   Code   RO         7424    .text               c_w.l(_printf_fp_dec.o)
    0x08000de6   0x08000de6   0x00000002   PAD
    0x08000de8   0x08000de8   0x00000030   Code   RO         7429    .text               c_w.l(_printf_char_common.o)
    0x08000e18   0x08000e18   0x0000000a   Code   RO         7431    .text               c_w.l(_sputc.o)
    0x08000e22   0x08000e22   0x00000010   Code   RO         7433    .text               c_w.l(_snputc.o)
    0x08000e32   0x08000e32   0x00000002   PAD
    0x08000e34   0x08000e34   0x000000bc   Code   RO         7435    .text               c_w.l(_printf_wctomb.o)
    0x08000ef0   0x08000ef0   0x0000007c   Code   RO         7438    .text               c_w.l(_printf_longlong_dec.o)
    0x08000f6c   0x08000f6c   0x00000070   Code   RO         7444    .text               c_w.l(_printf_oct_int_ll.o)
    0x08000fdc   0x08000fdc   0x00000094   Code   RO         7464    .text               c_w.l(_printf_hex_int_ll_ptr.o)
    0x08001070   0x08001070   0x00000042   Code   RO         7492    .text               c_w.l(cxa_finalize.o)
    0x080010b2   0x080010b2   0x0000004e   Code   RO         7503    .text               c_w.l(rt_memclr_w.o)
    0x08001100   0x08001100   0x00000008   Code   RO         7578    .text               c_w.l(libspace.o)
    0x08001108   0x08001108   0x0000000e   Code   RO         7602    .text               c_w.l(h1_init.o)
    0x08001116   0x08001116   0x00000034   Code   RO         7604    .text               c_w.l(h1_extend.o)
    0x0800114a   0x0800114a   0x0000008a   Code   RO         7610    .text               c_w.l(lludiv10.o)
    0x080011d4   0x080011d4   0x00000080   Code   RO         7614    .text               c_w.l(_printf_fp_infnan.o)
    0x08001254   0x08001254   0x0000002c   Code   RO         7618    .text               c_w.l(_printf_char.o)
    0x08001280   0x08001280   0x0000002c   Code   RO         7620    .text               c_w.l(_printf_wchar.o)
    0x080012ac   0x080012ac   0x000000e4   Code   RO         7626    .text               c_w.l(bigflt0.o)
    0x08001390   0x08001390   0x00000040   Code   RO         7651    .text               c_w.l(_wcrtomb.o)
    0x080013d0   0x080013d0   0x0000000a   Code   RO         7656    .text               c_w.l(defsig_exit.o)
    0x080013da   0x080013da   0x0000000e   Code   RO         7658    .text               c_w.l(defsig_rtmem_outer.o)
    0x080013e8   0x080013e8   0x0000000c   Code   RO         7712    .text               c_w.l(sys_exit.o)
    0x080013f4   0x080013f4   0x0000004a   Code   RO         7714    .text               c_w.l(sys_stackheap_outer.o)
    0x0800143e   0x0800143e   0x00000012   Code   RO         7729    .text               c_w.l(exit.o)
    0x08001450   0x08001450   0x00000032   Code   RO         7735    .text               c_w.l(defsig_general.o)
    0x08001482   0x08001482   0x00000002   PAD
    0x08001484   0x08001484   0x00000050   Code   RO         7741    .text               c_w.l(defsig_rtmem_inner.o)
    0x080014d4   0x080014d4   0x0000000e   Code   RO         7758    .text               c_w.l(sys_wrch.o)
    0x080014e2   0x080014e2   0x00000002   Code   RO         7760    .text               c_w.l(use_no_semi.o)
    0x080014e4   0x080014e4   0x00000000   Code   RO         7762    .text               c_w.l(indicate_semi.o)
    0x080014e4   0x080014e4   0x0000003e   Code   RO         7629    CL$$btod_d2e        c_w.l(btod.o)
    0x08001522   0x08001522   0x00000046   Code   RO         7631    CL$$btod_d2e_denorm_low  c_w.l(btod.o)
    0x08001568   0x08001568   0x00000060   Code   RO         7630    CL$$btod_d2e_norm_op1  c_w.l(btod.o)
    0x080015c8   0x080015c8   0x00000338   Code   RO         7639    CL$$btod_div_common  c_w.l(btod.o)
    0x08001900   0x08001900   0x000000dc   Code   RO         7636    CL$$btod_e2e        c_w.l(btod.o)
    0x080019dc   0x080019dc   0x0000002a   Code   RO         7633    CL$$btod_ediv       c_w.l(btod.o)
    0x08001a06   0x08001a06   0x0000002a   Code   RO         7632    CL$$btod_emul       c_w.l(btod.o)
    0x08001a30   0x08001a30   0x00000244   Code   RO         7638    CL$$btod_mult_common  c_w.l(btod.o)
    0x08001c74   0x08001c74   0x00000014   Code   RO         5174    i.ADC_Cmd           stm32f10x_adc.o
    0x08001c88   0x08001c88   0x0000009c   Code   RO         4657    i.ADC_DMA_Register  adc.o
    0x08001d24   0x08001d24   0x0000002c   Code   RO         4658    i.ADC_DMA_SearchChannel  adc.o
    0x08001d50   0x08001d50   0x00000044   Code   RO         5176    i.ADC_DeInit        stm32f10x_adc.o
    0x08001d94   0x08001d94   0x0000000e   Code   RO         5182    i.ADC_GetCalibrationStatus  stm32f10x_adc.o
    0x08001da2   0x08001da2   0x0000000e   Code   RO         5188    i.ADC_GetResetCalibrationStatus  stm32f10x_adc.o
    0x08001db0   0x08001db0   0x00000048   Code   RO         5192    i.ADC_Init          stm32f10x_adc.o
    0x08001df8   0x08001df8   0x0000000a   Code   RO         5197    i.ADC_ResetCalibration  stm32f10x_adc.o
    0x08001e02   0x08001e02   0x0000000a   Code   RO         5201    i.ADC_StartCalibration  stm32f10x_adc.o
    0x08001e0c   0x08001e0c   0x00000098   Code   RO         4660    i.ADCx_Init         adc.o
    0x08001ea4   0x08001ea4   0x00000044   Code   RO         4711    i.Delay_Init        delay.o
    0x08001ee8   0x08001ee8   0x00000024   Code   RO         4788    i.EXTI0_IRQHandler  exti.o
    0x08001f0c   0x08001f0c   0x000000a0   Code   RO         4789    i.EXTI15_10_IRQHandler  exti.o
    0x08001fac   0x08001fac   0x00000024   Code   RO         4790    i.EXTI1_IRQHandler  exti.o
    0x08001fd0   0x08001fd0   0x00000024   Code   RO         4791    i.EXTI2_IRQHandler  exti.o
    0x08001ff4   0x08001ff4   0x00000024   Code   RO         4792    i.EXTI3_IRQHandler  exti.o
    0x08002018   0x08002018   0x00000024   Code   RO         4793    i.EXTI4_IRQHandler  exti.o
    0x0800203c   0x0800203c   0x0000007c   Code   RO         4794    i.EXTI9_5_IRQHandler  exti.o
    0x080020b8   0x080020b8   0x0000000c   Code   RO         5487    i.EXTI_ClearITPendingBit  stm32f10x_exti.o
    0x080020c4   0x080020c4   0x00000020   Code   RO         5491    i.EXTI_GetITStatus  stm32f10x_exti.o
    0x080020e4   0x080020e4   0x000000a2   Code   RO         5742    i.GPIO_Init         stm32f10x_gpio.o
    0x08002186   0x08002186   0x00000002   PAD
    0x08002188   0x08002188   0x0000001c   Code   RO         4884    i.GPIO_JTAG_Disable  gpio.o
    0x080021a4   0x080021a4   0x00000058   Code   RO         5744    i.GPIO_PinRemapConfig  stm32f10x_gpio.o
    0x080021fc   0x080021fc   0x00000094   Code   RO         4885    i.GPIOx_Init        gpio.o
    0x08002290   0x08002290   0x00000064   Code   RO         5120    i.NVIC_Init         misc.o
    0x080022f4   0x080022f4   0x00000014   Code   RO         5121    i.NVIC_PriorityGroupConfig  misc.o
    0x08002308   0x08002308   0x00000058   Code   RO         4935    i.PWM_Init          pwm.o
    0x08002360   0x08002360   0x00000014   Code   RO         5862    i.RCC_ADCCLKConfig  stm32f10x_rcc.o
    0x08002374   0x08002374   0x00000018   Code   RO         5864    i.RCC_APB1PeriphClockCmd  stm32f10x_rcc.o
    0x0800238c   0x0800238c   0x00000018   Code   RO         5866    i.RCC_APB2PeriphClockCmd  stm32f10x_rcc.o
    0x080023a4   0x080023a4   0x00000018   Code   RO         5867    i.RCC_APB2PeriphResetCmd  stm32f10x_rcc.o
    0x080023bc   0x080023bc   0x00000090   Code   RO         5874    i.RCC_GetClocksFreq  stm32f10x_rcc.o
    0x0800244c   0x0800244c   0x000000a8   Code   RO         6974    i.SetSysClockTo72   system_stm32f10x.o
    0x080024f4   0x080024f4   0x00000010   Code   RO         4713    i.SysTick_Handler   delay.o
    0x08002504   0x08002504   0x00000064   Code   RO         6975    i.SystemCoreClockUpdate  system_stm32f10x.o
    0x08002568   0x08002568   0x00000050   Code   RO         6976    i.SystemInit        system_stm32f10x.o
    0x080025b8   0x080025b8   0x00000030   Code   RO         5002    i.TIM1_UP_IRQHandler  timer.o
    0x080025e8   0x080025e8   0x0000002c   Code   RO         5003    i.TIM2_IRQHandler   timer.o
    0x08002614   0x08002614   0x00000030   Code   RO         5004    i.TIM3_IRQHandler   timer.o
    0x08002644   0x08002644   0x00000030   Code   RO         5005    i.TIM4_IRQHandler   timer.o
    0x08002674   0x08002674   0x00000006   Code   RO         6239    i.TIM_ClearITPendingBit  stm32f10x_tim.o
    0x0800267a   0x0800267a   0x00000014   Code   RO         6244    i.TIM_Cmd           stm32f10x_tim.o
    0x0800268e   0x0800268e   0x00000016   Code   RO         6246    i.TIM_CtrlPWMOutputs  stm32f10x_tim.o
    0x080026a4   0x080026a4   0x00000018   Code   RO         6265    i.TIM_GetITStatus   stm32f10x_tim.o
    0x080026bc   0x080026bc   0x00000080   Code   RO         6273    i.TIM_OC1Init       stm32f10x_tim.o
    0x0800273c   0x0800273c   0x0000000c   Code   RO         6276    i.TIM_OC1PreloadConfig  stm32f10x_tim.o
    0x08002748   0x08002748   0x00000080   Code   RO         6278    i.TIM_OC2Init       stm32f10x_tim.o
    0x080027c8   0x080027c8   0x00000014   Code   RO         6281    i.TIM_OC2PreloadConfig  stm32f10x_tim.o
    0x080027dc   0x080027dc   0x0000007c   Code   RO         6283    i.TIM_OC3Init       stm32f10x_tim.o
    0x08002858   0x08002858   0x0000000c   Code   RO         6286    i.TIM_OC3PreloadConfig  stm32f10x_tim.o
    0x08002864   0x08002864   0x00000064   Code   RO         6288    i.TIM_OC4Init       stm32f10x_tim.o
    0x080028c8   0x080028c8   0x00000014   Code   RO         6290    i.TIM_OC4PreloadConfig  stm32f10x_tim.o
    0x080028dc   0x080028dc   0x0000009c   Code   RO         6315    i.TIM_TimeBaseInit  stm32f10x_tim.o
    0x08002978   0x08002978   0x00000178   Code   RO         4937    i.TIMx_OCxInit      pwm.o
    0x08002af0   0x08002af0   0x000000fc   Code   RO         5010    i.Timer_ClockCmd    timer.o
    0x08002bec   0x08002bec   0x0000000c   Code   RO         2957    i.USART1_IRQHandler  hardwareserial.o
    0x08002bf8   0x08002bf8   0x0000000c   Code   RO         2958    i.USART2_IRQHandler  hardwareserial.o
    0x08002c04   0x08002c04   0x0000000c   Code   RO         2959    i.USART3_IRQHandler  hardwareserial.o
    0x08002c10   0x08002c10   0x0000000c   Code   RO         6776    i.USART_ClearITPendingBit  stm32f10x_usart.o
    0x08002c1c   0x08002c1c   0x00000014   Code   RO         6779    i.USART_Cmd         stm32f10x_usart.o
    0x08002c30   0x08002c30   0x0000000e   Code   RO         6782    i.USART_GetFlagStatus  stm32f10x_usart.o
    0x08002c3e   0x08002c3e   0x0000003e   Code   RO         6783    i.USART_GetITStatus  stm32f10x_usart.o
    0x08002c7c   0x08002c7c   0x00000030   Code   RO         6785    i.USART_ITConfig    stm32f10x_usart.o
    0x08002cac   0x08002cac   0x000000ac   Code   RO         6786    i.USART_Init        stm32f10x_usart.o
    0x08002d58   0x08002d58   0x00000008   Code   RO         6793    i.USART_ReceiveData  stm32f10x_usart.o
    0x08002d60   0x08002d60   0x00000008   Code   RO         6796    i.USART_SendData    stm32f10x_usart.o
    0x08002d68   0x08002d68   0x0000005c   Code   RO          245    i._Z10IMU_Updatev   bsp_imu.o
    0x08002dc4   0x08002dc4   0x00000090   Code   RO         2622    i._Z12checkForBeati  heartrate.o
    0x08002e54   0x08002e54   0x00000010   Code   RO          427    i._Z13ComSlave_Initv  bsp_comslave.o
    0x08002e64   0x08002e64   0x00000024   Code   RO          361    i._Z13TouchPad_Initv  bsp_touchpad.o
    0x08002e88   0x08002e88   0x0000009c   Code   RO          428    i._Z14CS_StateUpdatev  bsp_comslave.o
    0x08002f24   0x08002f24   0x00000004   Code   RO          429    i._Z15ComSlave_Updatev  bsp_comslave.o
    0x08002f28   0x08002f28   0x00000044   Code   RO          362    i._Z15TouchPad_Updatev  bsp_touchpad.o
    0x08002f6c   0x08002f6c   0x00000018   Code   RO          247    i._Z16IMU_NodeCallbackPvh  bsp_imu.o
    0x08002f84   0x08002f84   0x00000064   Code   RO         2623    i._Z16lowPassFIRFilters  heartrate.o
    0x08002fe8   0x08002fe8   0x00000036   Code   RO          914    i._Z18LIS2DS12_ACC_W_LIRPv18LIS2DS12_ACC_LIR_t  lis2ds12_acc.o
    0x0800301e   0x0800301e   0x00000036   Code   RO          915    i._Z18LIS2DS12_ACC_W_ODRPv18LIS2DS12_ACC_ODR_t  lis2ds12_acc.o
    0x08003054   0x08003054   0x00000012   Code   RO         2624    i._Z18averageDCEstimatorPit  heartrate.o
    0x08003066   0x08003066   0x00000002   PAD
    0x08003068   0x08003068   0x00000118   Code   RO          303    i._Z19ParticleSensor_Initv  bsp_particlesensor.o
    0x08003180   0x08003180   0x00000050   Code   RO          934    i._Z20LIS2DS12_ACC_ReadRegPvhPht  lis2ds12_acc.o
    0x080031d0   0x080031d0   0x00000036   Code   RO          949    i._Z21LIS2DS12_ACC_W_PEDO4GPv21LIS2DS12_ACC_PEDO4G_t  lis2ds12_acc.o
    0x08003206   0x08003206   0x00000002   PAD
    0x08003208   0x08003208   0x00000040   Code   RO          952    i._Z21LIS2DS12_ACC_WriteRegPvhPht  lis2ds12_acc.o
    0x08003248   0x08003248   0x000000bc   Code   RO          304    i._Z21ParticleSensor_Updatev  bsp_particlesensor.o
    0x08003304   0x08003304   0x0000001c   Code   RO          365    i._Z21TouchPad_NodeCallbackPvh  bsp_touchpad.o
    0x08003320   0x08003320   0x00000038   Code   RO          963    i._Z22LIS2DS12_ACC_W_SC_MTHSPvh  lis2ds12_acc.o
    0x08003358   0x08003358   0x00000036   Code   RO          980    i._Z23LIS2DS12_ACC_W_FUNC_CFGPv23LIS2DS12_ACC_FUNC_CFG_t  lis2ds12_acc.o
    0x0800338e   0x0800338e   0x00000036   Code   RO         1003    i._Z24LIS2DS12_ACC_W_FullScalePv17LIS2DS12_ACC_FS_t  lis2ds12_acc.o
    0x080033c4   0x080033c4   0x00000036   Code   RO         1011    i._Z24LIS2DS12_ACC_W_RST_NSTEPPv24LIS2DS12_ACC_RST_NSTEP_t  lis2ds12_acc.o
    0x080033fa   0x080033fa   0x0000001e   Code   RO         1019    i._Z25LIS2DS12_ACC_R_SOFT_RESETPvP25LIS2DS12_ACC_SOFT_RESET_t  lis2ds12_acc.o
    0x08003418   0x08003418   0x00000036   Code   RO         1025    i._Z25LIS2DS12_ACC_W_SOFT_RESETPv25LIS2DS12_ACC_SOFT_RESET_t  lis2ds12_acc.o
    0x0800344e   0x0800344e   0x0000001e   Code   RO         1033    i._Z26LIS2DS12_ACC_R_STEP_DETECTPvP26LIS2DS12_ACC_STEP_DETECT_t  lis2ds12_acc.o
    0x0800346c   0x0800346c   0x00000036   Code   RO         1039    i._Z26LIS2DS12_ACC_W_STEP_CNT_ONPv26LIS2DS12_ACC_STEP_CNT_ON_t  lis2ds12_acc.o
    0x080034a2   0x080034a2   0x00000002   PAD
    0x080034a4   0x080034a4   0x00000018   Code   RO          305    i._Z27ParticleSensor_NodeCallbackPvh  bsp_particlesensor.o
    0x080034bc   0x080034bc   0x00000040   Code   RO         1048    i._Z28LIS2DS12_ACC_Get_StepCounterPvPh  lis2ds12_acc.o
    0x080034fc   0x080034fc   0x00000036   Code   RO         1051    i._Z28LIS2DS12_ACC_W_INT2_STEP_DETPv28LIS2DS12_ACC_INT2_STEP_DET_t  lis2ds12_acc.o
    0x08003532   0x08003532   0x00000002   PAD
    0x08003534   0x08003534   0x0000001c   Code   RO          430    i._Z35ComSlave_ReqExecuteUserCallbackNodePK21ComSlave_UserCallback  bsp_comslave.o
    0x08003550   0x08003550   0x00000068   Code   RO            4    i._Z4loopv          main.o
    0x080035b8   0x080035b8   0x00000040   Code   RO            5    i._Z5setupv         main.o
    0x080035f8   0x080035f8   0x00000114   Code   RO          214    i._Z8I2C_Scanb      bsp_i2c_scan.o
    0x0800370c   0x0800370c   0x00000118   Code   RO          248    i._Z8IMU_Initv      bsp_imu.o
    0x08003824   0x08003824   0x00000048   Code   RO         2960    i._ZN14HardwareSerial10IRQHandlerEv  hardwareserial.o
    0x0800386c   0x0800386c   0x00000006   Code   RO         2965    i._ZN14HardwareSerial5beginEj  hardwareserial.o
    0x08003872   0x08003872   0x0000000e   Code   RO         2966    i._ZN14HardwareSerial5beginEj13SERIAL_Config  hardwareserial.o
    0x08003880   0x08003880   0x00000118   Code   RO         2967    i._ZN14HardwareSerial5beginEj13SERIAL_Confighh  hardwareserial.o
    0x08003998   0x08003998   0x0000001e   Code   RO         2969    i._ZN14HardwareSerial5writeEh  hardwareserial.o
    0x080039b6   0x080039b6   0x00000002   PAD
    0x080039b8   0x080039b8   0x0000001c   Code   RO         2971    i._ZN14HardwareSerialC1EP13USART_TypeDef  hardwareserial.o
    0x080039d4   0x080039d4   0x00000064   Code   RO         3134    i._ZN5Print11printNumberEyh  print.o
    0x08003a38   0x08003a38   0x00000006   Code   RO         3136    i._ZN5Print5printEPKc  print.o
    0x08003a3e   0x08003a3e   0x00000006   Code   RO         3139    i._ZN5Print5printEc  print.o
    0x08003a44   0x08003a44   0x0000000e   Code   RO         3141    i._ZN5Print5printEhi  print.o
    0x08003a52   0x08003a52   0x0000001e   Code   RO         3147    i._ZN5Print5printEyi  print.o
    0x08003a70   0x08003a70   0x00000020   Code   RO         3148    i._ZN5Print5writeEPKc  print.o
    0x08003a90   0x08003a90   0x00000028   Code   RO         3149    i._ZN5Print5writeEPKvj  print.o
    0x08003ab8   0x08003ab8   0x00000028   Code   RO         3150    i._ZN5Print6printfEPKcz  print.o
    0x08003ae0   0x08003ae0   0x00000014   Code   RO         3152    i._ZN5Print7printlnEPKc  print.o
    0x08003af4   0x08003af4   0x00000014   Code   RO         3157    i._ZN5Print7printlnEhi  print.o
    0x08003b08   0x08003b08   0x00000018   Code   RO         3162    i._ZN5Print7printlnEv  print.o
    0x08003b20   0x08003b20   0x00000020   Code   RO          483    i._ZN7FT6336U13read_touch1_xEv  ft6336u.o
    0x08003b40   0x08003b40   0x00000020   Code   RO          484    i._ZN7FT6336U13read_touch1_yEv  ft6336u.o
    0x08003b60   0x08003b60   0x0000000c   Code   RO          501    i._ZN7FT6336U17read_touch1_eventEv  ft6336u.o
    0x08003b6c   0x08003b6c   0x00000044   Code   RO          525    i._ZN7FT6336U8readByteEh  ft6336u.o
    0x08003bb0   0x08003bb0   0x0000000c   Code   RO          527    i._ZN7FT6336UC1Ev   ft6336u.o
    0x08003bbc   0x08003bbc   0x00000002   Code   RO          529    i._ZN7FT6336UD1Ev   ft6336u.o
    0x08003bbe   0x08003bbe   0x00000036   Code   RO         3897    i._ZN7TwoWire11i2c_get_ackEv  wire.o
    0x08003bf4   0x08003bf4   0x0000001e   Code   RO         3898    i._ZN7TwoWire12i2c_send_ackEv  wire.o
    0x08003c12   0x08003c12   0x0000003a   Code   RO         3899    i._ZN7TwoWire12i2c_shift_inEv  wire.o
    0x08003c4c   0x08003c4c   0x0000001e   Code   RO         3900    i._ZN7TwoWire13i2c_send_nackEv  wire.o
    0x08003c6a   0x08003c6a   0x0000003e   Code   RO         3901    i._ZN7TwoWire13i2c_shift_outEh  wire.o
    0x08003ca8   0x08003ca8   0x0000003a   Code   RO         3902    i._ZN7TwoWire5beginEh  wire.o
    0x08003ce2   0x08003ce2   0x000000a8   Code   RO         3903    i._ZN7TwoWire7processEv  wire.o
    0x08003d8a   0x08003d8a   0x0000002a   Code   RO         3904    i._ZN7TwoWire7set_sclEb  wire.o
    0x08003db4   0x08003db4   0x0000001a   Code   RO         3905    i._ZN7TwoWire7set_sdaEb  wire.o
    0x08003dce   0x08003dce   0x0000001e   Code   RO         3906    i._ZN7TwoWire8i2c_stopEv  wire.o
    0x08003dec   0x08003dec   0x00000016   Code   RO         3907    i._ZN7TwoWire9i2c_startEv  wire.o
    0x08003e02   0x08003e02   0x00000002   PAD
    0x08003e04   0x08003e04   0x00000018   Code   RO         3908    i._ZN7TwoWireC1Ehhh  wire.o
    0x08003e1c   0x08003e1c   0x00000014   Code   RO         3909    i._ZN7TwoWireD1Ev   wire.o
    0x08003e30   0x08003e30   0x00000032   Code   RO         2267    i._ZN8MAX3010510enableSlotEhh  max30105.o
    0x08003e62   0x08003e62   0x00000008   Code   RO         2270    i._ZN8MAX3010510readPartIDEv  max30105.o
    0x08003e6a   0x08003e6a   0x0000000a   Code   RO         2271    i._ZN8MAX3010510setLEDModeEh  max30105.o
    0x08003e74   0x08003e74   0x0000000a   Code   RO         2273    i._ZN8MAX3010511setADCRangeEh  max30105.o
    0x08003e7e   0x08003e7e   0x0000003c   Code   RO         2282    i._ZN8MAX3010513readRegister8Ehh  max30105.o
    0x08003eba   0x08003eba   0x0000000a   Code   RO         2283    i._ZN8MAX3010513setPulseWidthEh  max30105.o
    0x08003ec4   0x08003ec4   0x0000000a   Code   RO         2284    i._ZN8MAX3010513setSampleRateEh  max30105.o
    0x08003ece   0x08003ece   0x00000008   Code   RO         2287    i._ZN8MAX3010514getReadPointerEv  max30105.o
    0x08003ed6   0x08003ed6   0x00000010   Code   RO         2288    i._ZN8MAX3010514readRevisionIDEv  max30105.o
    0x08003ee6   0x08003ee6   0x0000000a   Code   RO         2289    i._ZN8MAX3010514setFIFOAverageEh  max30105.o
    0x08003ef0   0x08003ef0   0x00000028   Code   RO         2290    i._ZN8MAX3010514writeRegister8Ehhh  max30105.o
    0x08003f18   0x08003f18   0x00000008   Code   RO         2291    i._ZN8MAX3010515getWritePointerEv  max30105.o
    0x08003f20   0x08003f20   0x0000000a   Code   RO         2298    i._ZN8MAX3010518enableFIFORolloverEv  max30105.o
    0x08003f2a   0x08003f2a   0x0000000a   Code   RO         2300    i._ZN8MAX3010519setPulseAmplitudeIREh  max30105.o
    0x08003f34   0x08003f34   0x0000000a   Code   RO         2301    i._ZN8MAX3010520setPulseAmplitudeRedEh  max30105.o
    0x08003f3e   0x08003f3e   0x0000000a   Code   RO         2303    i._ZN8MAX3010522setPulseAmplitudeGreenEh  max30105.o
    0x08003f48   0x08003f48   0x0000000a   Code   RO         2304    i._ZN8MAX3010526setPulseAmplitudeProximityEh  max30105.o
    0x08003f52   0x08003f52   0x00000036   Code   RO         2305    i._ZN8MAX301055beginER7TwoWirejh  max30105.o
    0x08003f88   0x08003f88   0x00000136   Code   RO         2306    i._ZN8MAX301055checkEv  max30105.o
    0x080040be   0x080040be   0x0000001a   Code   RO         2307    i._ZN8MAX301055getIREv  max30105.o
    0x080040d8   0x080040d8   0x0000016c   Code   RO         2308    i._ZN8MAX301055setupEhhhiii  max30105.o
    0x08004244   0x08004244   0x00000028   Code   RO         2311    i._ZN8MAX301057bitMaskEhhh  max30105.o
    0x0800426c   0x0800426c   0x0000002a   Code   RO         2317    i._ZN8MAX301059clearFIFOEv  max30105.o
    0x08004296   0x08004296   0x0000002c   Code   RO         2319    i._ZN8MAX301059safeCheckEh  max30105.o
    0x080042c2   0x080042c2   0x00000036   Code   RO         2320    i._ZN8MAX301059softResetEv  max30105.o
    0x080042f8   0x080042f8   0x00000002   Code   RO         2321    i._ZN8MAX30105C1Ev  max30105.o
    0x080042fa   0x080042fa   0x0000003a   Code   RO         4011    i._ZN8WireBase11requestFromEhi  wirebase.o
    0x08004334   0x08004334   0x00000006   Code   RO         4012    i._ZN8WireBase11requestFromEii  wirebase.o
    0x0800433a   0x0800433a   0x00000020   Code   RO         4013    i._ZN8WireBase15endTransmissionEv  wirebase.o
    0x0800435a   0x0800435a   0x00000016   Code   RO         4014    i._ZN8WireBase17beginTransmissionEh  wirebase.o
    0x08004370   0x08004370   0x00000006   Code   RO         4015    i._ZN8WireBase17beginTransmissionEi  wirebase.o
    0x08004376   0x08004376   0x0000003a   Code   RO         4016    i._ZN8WireBase4readEv  wirebase.o
    0x080043b0   0x080043b0   0x00000028   Code   RO         4021    i._ZN8WireBase5writeEh  wirebase.o
    0x080043d8   0x080043d8   0x00000002   Code   RO         4023    i._ZN8WireBase8setClockEj  wirebase.o
    0x080043da   0x080043da   0x0000000e   Code   RO         4024    i._ZN8WireBase9availableEv  wirebase.o
    0x080043e8   0x080043e8   0x00000028   Code   RO         7708    i.__ARM_fpclassify  m_ws.l(fpclassify.o)
    0x08004410   0x08004410   0x00000020   Code   RO         4714    i.__NVIC_SetPriority  delay.o
    0x08004430   0x08004430   0x00000020   Code   RO          366    i.__sti___16_BSP_TouchPad_cpp_880b6338  bsp_touchpad.o
    0x08004450   0x08004450   0x00000034   Code   RO         2972    i.__sti___18_HardwareSerial_cpp_cfa1b6a6  hardwareserial.o
    0x08004484   0x08004484   0x0000000c   Code   RO          306    i.__sti___22_BSP_ParticleSensor_cpp_rateSpot  bsp_particlesensor.o
    0x08004490   0x08004490   0x00000024   Code   RO         4204    i.__sti___7_SPI_cpp_ce5662b4  spi.o
    0x080044b4   0x080044b4   0x00000028   Code   RO         3910    i.__sti___8_Wire_cpp_928ee5ff  wire.o
    0x080044dc   0x080044dc   0x0000000e   Code   RO         7108    i._is_digit         c_w.l(__printf_wp.o)
    0x080044ea   0x080044ea   0x00000002   PAD
    0x080044ec   0x080044ec   0x00000014   Code   RO         4715    i.delay_ms          delay.o
    0x08004500   0x08004500   0x00000040   Code   RO         4716    i.delay_us          delay.o
    0x08004540   0x08004540   0x00000020   Code   RO         2751    i.digitalRead       arduino.o
    0x08004560   0x08004560   0x00000020   Code   RO         2752    i.digitalWrite      arduino.o
    0x08004580   0x08004580   0x00000028   Code   RO            6    i.main              main.o
    0x080045a8   0x080045a8   0x0000000c   Code   RO         4718    i.millis            delay.o
    0x080045b4   0x080045b4   0x00000070   Code   RO         2755    i.pinMode           arduino.o
    0x08004624   0x08004624   0x0000002c   Code   RO         7490    locale$$code        c_w.l(lc_ctype_c.o)
    0x08004650   0x08004650   0x0000002c   Code   RO         7654    locale$$code        c_w.l(lc_numeric_c.o)
    0x0800467c   0x0800467c   0x00000062   Code   RO         7281    x$fpl$d2f           fz_ws.l(d2f.o)
    0x080046de   0x080046de   0x00000002   PAD
    0x080046e0   0x080046e0   0x000002b0   Code   RO         7290    x$fpl$ddiv          fz_ws.l(ddiv.o)
    0x08004990   0x08004990   0x0000002e   Code   RO         7306    x$fpl$dflt          fz_ws.l(dflt_clz.o)
    0x080049be   0x080049be   0x0000009c   Code   RO         7567    x$fpl$dnaninf       fz_ws.l(dnaninf.o)
    0x08004a5a   0x08004a5a   0x0000000c   Code   RO         7569    x$fpl$dretinf       fz_ws.l(dretinf.o)
    0x08004a66   0x08004a66   0x00000002   PAD
    0x08004a68   0x08004a68   0x00000036   Code   RO         7333    x$fpl$ffix          fz_ws.l(ffix.o)
    0x08004a9e   0x08004a9e   0x00000002   PAD
    0x08004aa0   0x08004aa0   0x0000003e   Code   RO         7337    x$fpl$ffixu         fz_ws.l(ffixu.o)
    0x08004ade   0x08004ade   0x00000002   PAD
    0x08004ae0   0x08004ae0   0x00000102   Code   RO         7347    x$fpl$fmul          fz_ws.l(fmul.o)
    0x08004be2   0x08004be2   0x0000008c   Code   RO         7573    x$fpl$fnaninf       fz_ws.l(fnaninf.o)
    0x08004c6e   0x08004c6e   0x0000000a   Code   RO         7575    x$fpl$fretinf       fz_ws.l(fretinf.o)
    0x08004c78   0x08004c78   0x00000004   Code   RO         7349    x$fpl$printf1       fz_ws.l(printf1.o)
    0x08004c7c   0x08004c7c   0x00000000   Code   RO         7577    x$fpl$usenofp       fz_ws.l(usenofp.o)
    0x08004c7c   0x08004c7c   0x00000018   Data   RO         2631    .constdata          heartrate.o
    0x08004c94   0x08004c94   0x00000700   Data   RO         4886    .constdata          gpio.o
    0x08005394   0x08005394   0x00000011   Data   RO         7116    .constdata          c_w.l(__printf_flags_ss_wp.o)
    0x080053a5   0x080053a5   0x00000003   PAD
    0x080053a8   0x080053a8   0x00000008   Data   RO         7436    .constdata          c_w.l(_printf_wctomb.o)
    0x080053b0   0x080053b0   0x00000028   Data   RO         7465    .constdata          c_w.l(_printf_hex_int_ll_ptr.o)
    0x080053d8   0x080053d8   0x00000094   Data   RO         7627    .constdata          c_w.l(bigflt0.o)
    0x0800546c   0x0800546c   0x00000024   Data   RO         3070    .constdata__ZTV14HardwareSerial  hardwareserial.o
    0x08005490   0x08005490   0x00000010   Data   RO          800    .constdata__ZTV7FT6336U  ft6336u.o
    0x080054a0   0x080054a0   0x00000010   Data   RO         3995    .constdata__ZTV7TwoWire  wire.o
    0x080054b0   0x080054b0   0x00000020   Data   RO         7854    Region$$Table       anon$$obj.o
    0x080054d0   0x080054d0   0x00000110   Data   RO         7489    locale$$data        c_w.l(lc_ctype_c.o)
    0x080055e0   0x080055e0   0x0000001c   Data   RO         7653    locale$$data        c_w.l(lc_numeric_c.o)
    0x080055fc   0x080055fc   0x00000004   Data   RO          313    .init_array         bsp_particlesensor.o
    0x08005600   0x080055fc   0x00000004   Data   RO          375    .init_array         bsp_touchpad.o
    0x08005604   0x080055fc   0x00000004   Data   RO         2990    .init_array         hardwareserial.o
    0x08005608   0x080055fc   0x00000004   Data   RO         3926    .init_array         wire.o
    0x0800560c   0x080055fc   0x00000004   Data   RO         4233    .init_array         spi.o
    0x08005610   0x080055fc   0x00000000   Data   RO         7164    .init_array         c_w.l(init_aeabi.o)


    Execution Region RW_IRAM1 (Exec base: 0x20000000, Load base: 0x08005610, Size: 0x00000b70, Max: 0x00005000, ABSOLUTE)

    Exec Addr    Load Addr    Size         Type   Attr      Idx    E Section Name        Object

    0x20000000   0x08005610   0x0000000c   Data   RW           10    .data               main.o
    0x2000000c   0x0800561c   0x0000000a   Data   RW          254    .data               bsp_imu.o
    0x20000016   0x08005626   0x00000002   PAD
    0x20000018   0x08005628   0x00000018   Data   RW          312    .data               bsp_particlesensor.o
    0x20000030   0x08005640   0x00000006   Data   RW          374    .data               bsp_touchpad.o
    0x20000036   0x08005646   0x00000002   PAD
    0x20000038   0x08005648   0x00000008   Data   RW          436    .data               bsp_comslave.o
    0x20000040   0x08005650   0x00000018   Data   RW         2632    .data               heartrate.o
    0x20000058   0x08005668   0x00000002   Data   RW         4662    .data               adc.o
    0x2000005a   0x0800566a   0x00000002   PAD
    0x2000005c   0x0800566c   0x0000007c   Data   RW         4719    .data               delay.o
    0x200000d8   0x080056e8   0x00000014   Data   RW         5894    .data               stm32f10x_rcc.o
    0x200000ec   0x080056fc   0x00000014   Data   RW         6977    .data               system_stm32f10x.o
    0x20000100        -       0x0000000c   Zero   RW          253    .bss                bsp_imu.o
    0x2000010c        -       0x00000048   Zero   RW          311    .bss                bsp_particlesensor.o
    0x20000154        -       0x00000020   Zero   RW          373    .bss                bsp_touchpad.o
    0x20000174        -       0x00000043   Zero   RW          435    .bss                bsp_comslave.o
    0x200001b7   0x08005710   0x00000001   PAD
    0x200001b8        -       0x00000040   Zero   RW         2630    .bss                heartrate.o
    0x200001f8        -       0x000001d4   Zero   RW         2989    .bss                hardwareserial.o
    0x200003cc        -       0x00000058   Zero   RW         3925    .bss                wire.o
    0x20000424        -       0x00000054   Zero   RW         4232    .bss                spi.o
    0x20000478        -       0x00000036   Zero   RW         4661    .bss                adc.o
    0x200004ae   0x08005710   0x00000002   PAD
    0x200004b0        -       0x00000040   Zero   RW         4799    .bss                exti.o
    0x200004f0        -       0x00000020   Zero   RW         5018    .bss                timer.o
    0x20000510        -       0x00000060   Zero   RW         7579    .bss                c_w.l(libspace.o)
    0x20000570        -       0x00000200   Zero   RW         6965    HEAP                startup_stm32f10x_md.o
    0x20000770        -       0x00000400   Zero   RW         6964    STACK               startup_stm32f10x_md.o


==============================================================================

Image component sizes


      Code (inc. data)   RO Data    RW Data    ZI Data      Debug   Object Name

       352         34          0          2         54       2611   adc.o
       176         14          0          0          0     264607   arduino.o
       204         32          0          8         67       4184   bsp_comslave.o
       276        130          0          0          0        755   bsp_i2c_scan.o
       396         32          0         10         12      21474   bsp_imu.o
       504        206          4         24         72       6271   bsp_particlesensor.o
       164         46          4          6         32       7205   bsp_touchpad.o
       212         30          0        124          0      29237   delay.o
       464         28          0          0         64       4183   exti.o
       158         10         16          0          0       9864   ft6336u.o
       176         36       1792          0          0       3891   gpio.o
       518         64         40          0        468      13829   hardwareserial.o
       262         18         24         24         64       3912   heartrate.o
       810          8          0          0          0      31050   lis2ds12_acc.o
       208         24          0         12          0     244255   main.o
      1226          0          0          0          0      21504   max30105.o
       120         16          0          0          0       1779   misc.o
       332          0          0          0          0      20288   print.o
       464         72          0          0          0       1934   pwm.o
        36         16          4          0         84       2874   spi.o
        64         26        236          0       1536        820   startup_stm32f10x_md.o
       208         22          0          0          0       6515   stm32f10x_adc.o
        44         10          0          0          0       1252   stm32f10x_exti.o
       250          6          0          0          0       2914   stm32f10x_gpio.o
       236         40          0         20          0       5970   stm32f10x_rcc.o
       772         90          0          0          0      10187   stm32f10x_tim.o
       344          6          0          0          0       7307   stm32f10x_usart.o
       348         40          0         20          0       2673   system_stm32f10x.o
       440        100          0          0         32       3900   timer.o
       664         22         20          0         88       9418   wire.o
       238          0          0          0          0       5828   wirebase.o

    ----------------------------------------------------------------------
     10680       1178       2172        256       2576     752491   Object Totals
         0          0         32          0          0          0   (incl. Generated)
        14          0          0          6          3          0   (incl. Padding)

    ----------------------------------------------------------------------

      Code (inc. data)   RO Data    RW Data    ZI Data      Debug   Library Member Name

         8          0          0          0          0         68   __main.o
       392          4         17          0          0         92   __printf_flags_ss_wp.o
        14          0          0          0          0         68   __printf_wp.o
         0          0          0          0          0          0   __rtentry.o
        12          0          0          0          0          0   __rtentry2.o
         6          0          0          0          0          0   __rtentry4.o
        52          8          0          0          0          0   __scatter.o
        26          0          0          0          0          0   __scatter_copy.o
        28          0          0          0          0          0   __scatter_zi.o
         6          0          0          0          0          0   _printf_a.o
         6          0          0          0          0          0   _printf_c.o
        44          0          0          0          0        108   _printf_char.o
        48          6          0          0          0         96   _printf_char_common.o
        40          0          0          0          0         68   _printf_charcount.o
         6          0          0          0          0          0   _printf_d.o
       120         16          0          0          0         92   _printf_dec.o
         6          0          0          0          0          0   _printf_e.o
         6          0          0          0          0          0   _printf_f.o
      1054          0          0          0          0        216   _printf_fp_dec.o
       128         16          0          0          0         84   _printf_fp_infnan.o
         6          0          0          0          0          0   _printf_g.o
       148          4         40          0          0        160   _printf_hex_int_ll_ptr.o
         6          0          0          0          0          0   _printf_i.o
       178          0          0          0          0         88   _printf_intcommon.o
        10          0          0          0          0          0   _printf_l.o
         6          0          0          0          0          0   _printf_lc.o
        10          0          0          0          0          0   _printf_ll.o
         6          0          0          0          0          0   _printf_lld.o
         6          0          0          0          0          0   _printf_lli.o
         6          0          0          0          0          0   _printf_llo.o
         6          0          0          0          0          0   _printf_llu.o
         6          0          0          0          0          0   _printf_llx.o
       124         16          0          0          0         92   _printf_longlong_dec.o
         6          0          0          0          0          0   _printf_ls.o
         6          0          0          0          0          0   _printf_n.o
         6          0          0          0          0          0   _printf_o.o
       112         10          0          0          0        124   _printf_oct_int_ll.o
         6          0          0          0          0          0   _printf_p.o
        78          0          0          0          0        108   _printf_pad.o
         0          0          0          0          0          0   _printf_percent.o
         4          0          0          0          0          0   _printf_percent_end.o
         6          0          0          0          0          0   _printf_s.o
        82          0          0          0          0         80   _printf_str.o
        36          0          0          0          0         84   _printf_truncate.o
         6          0          0          0          0          0   _printf_u.o
        44          0          0          0          0        108   _printf_wchar.o
       188          6          8          0          0         92   _printf_wctomb.o
         6          0          0          0          0          0   _printf_x.o
        16          0          0          0          0         68   _snputc.o
        10          0          0          0          0         68   _sputc.o
        64          0          0          0          0         92   _wcrtomb.o
        46          0          0          0          0         84   aeabi_atexit.o
       228          4        148          0          0         96   bigflt0.o
      1936        128          0          0          0        672   btod.o
        52          4          0          0          0         80   c89vsnprintf.o
        66          0          0          0          0         84   cxa_finalize.o
        10          0          0          0          0         68   defsig_exit.o
        50          0          0          0          0         88   defsig_general.o
        80         58          0          0          0         76   defsig_rtmem_inner.o
        14          0          0          0          0         80   defsig_rtmem_outer.o
        18          0          0          0          0         80   exit.o
        94          0          0          0          0         80   h1_alloc.o
        52          0          0          0          0         68   h1_extend.o
        78          0          0          0          0         80   h1_free.o
        14          0          0          0          0         84   h1_init.o
         6          0          0          0          0        152   heapauxi.o
         4          0          0          0          0        136   hguard.o
         0          0          0          0          0          0   indicate_semi.o
        36         10          0          0          0         80   init_aeabi.o
       138          0          0          0          0        168   init_alloc.o
        44         10        272          0          0         76   lc_ctype_c.o
        44         10         28          0          0         76   lc_numeric_c.o
         2          0          0          0          0          0   libinit.o
        42          0          0          0          0          0   libinit2.o
         2          0          0          0          0          0   libshutdown.o
         8          0          0          0          0          0   libshutdown2.o
         8          4          0          0         96         68   libspace.o
       138          0          0          0          0         80   lludiv10.o
       238          0          0          0          0        100   lludivv7m.o
         0          0          0          0          0          0   maybetermalloc1.o
        16          4          0          0          0         76   rt_ctype_table.o
         8          4          0          0          0         68   rt_ddtor_pointer_addr_intlibspace.o
         8          4          0          0          0         68   rt_heap_descriptor_intlibspace.o
         8          4          0          0          0         68   rt_locale_intlibspace.o
        68          0          0          0          0         68   rt_memclr.o
        78          0          0          0          0         80   rt_memclr_w.o
         2          0          0          0          0          0   rtexit.o
        10          0          0          0          0          0   rtexit2.o
       128          0          0          0          0         68   strcmpv7m.o
        12          4          0          0          0         68   sys_exit.o
        74          0          0          0          0         80   sys_stackheap_outer.o
        14          0          0          0          0         76   sys_wrch.o
         2          0          0          0          0         68   use_no_semi.o
        98          4          0          0          0         92   d2f.o
       688        140          0          0          0        208   ddiv.o
        46          0          0          0          0         68   dflt_clz.o
       156          4          0          0          0         92   dnaninf.o
        12          0          0          0          0         68   dretinf.o
        54          4          0          0          0         84   ffix.o
        62          4          0          0          0         84   ffixu.o
       258          4          0          0          0         84   fmul.o
       140          4          0          0          0         84   fnaninf.o
        10          0          0          0          0         68   fretinf.o
         4          0          0          0          0         68   printf1.o
         0          0          0          0          0          0   usenofp.o
        40          0          0          0          0         68   fpclassify.o

    ----------------------------------------------------------------------
      8664        498        516          0         96       6568   Library Totals
        24          0          3          0          0          0   (incl. Padding)

    ----------------------------------------------------------------------

      Code (inc. data)   RO Data    RW Data    ZI Data      Debug   Library Name

      7072        334        513          0         96       5500   c_w.l
      1528        164          0          0          0       1000   fz_ws.l
        40          0          0          0          0         68   m_ws.l

    ----------------------------------------------------------------------
      8664        498        516          0         96       6568   Library Totals

    ----------------------------------------------------------------------

==============================================================================


      Code (inc. data)   RO Data    RW Data    ZI Data      Debug   

     19344       1676       2688        256       2672     746055   Grand Totals
     19344       1676       2688        256       2672     746055   ELF Image Totals
     19344       1676       2688        256          0          0   ROM Totals

==============================================================================

    Total RO  Size (Code + RO Data)                22032 (  21.52kB)
    Total RW  Size (RW Data + ZI Data)              2928 (   2.86kB)
    Total ROM Size (Code + RO Data + RW Data)      22288 (  21.77kB)

==============================================================================

